Archive member included to satisfy reference by file (symbol)

C:/devkitPro/libctru/lib\libcitro2d.a(base.o)
                              main.o (C2D_Init)
C:/devkitPro/libctru/lib\libcitro2d.a(text.o)
                              main.o (C2D_TextBufNew)
C:/devkitPro/libctru/lib\libcitro2d.a(spritesheet.o)
                              main.o (C2D_SpriteSheetLoad)
C:/devkitPro/libctru/lib\libcitro2d.a(font.o)
                              main.o (C2D_FontLoad)
C:/devkitPro/libctru/lib\libcitro2d.a(render2d.shbin.o)
                              C:/devkitPro/libctru/lib\libcitro2d.a(base.o) (render2d_shbin)
C:/devkitPro/libctru/lib\libcitro3d.a(attribs.o)
                              C:/devkitPro/libctru/lib\libcitro2d.a(base.o) (AttrInfo_Init)
C:/devkitPro/libctru/lib\libcitro3d.a(base.o)
                              C:/devkitPro/libctru/lib\libcitro3d.a(attribs.o) (__C3D_Context)
C:/devkitPro/libctru/lib\libcitro3d.a(buffers.o)
                              C:/devkitPro/libctru/lib\libcitro2d.a(base.o) (BufInfo_Init)
C:/devkitPro/libctru/lib\libcitro3d.a(drawElements.o)
                              C:/devkitPro/libctru/lib\libcitro2d.a(base.o) (C3D_DrawElements)
C:/devkitPro/libctru/lib\libcitro3d.a(effect.o)
                              C:/devkitPro/libctru/lib\libcitro3d.a(base.o) (C3D_DepthMap)
C:/devkitPro/libctru/lib\libcitro3d.a(framebuffer.o)
                              C:/devkitPro/libctru/lib\libcitro3d.a(base.o) (C3Di_FrameBufBind)
C:/devkitPro/libctru/lib\libcitro3d.a(immediate.o)
                              C:/devkitPro/libctru/lib\libcitro3d.a(base.o) (C3D_ImmSendAttrib)
C:/devkitPro/libctru/lib\libcitro3d.a(proctex.o)
                              C:/devkitPro/libctru/lib\libcitro2d.a(base.o) (C3D_ProcTexInit)
C:/devkitPro/libctru/lib\libcitro3d.a(renderqueue.o)
                              C:/devkitPro/libctru/lib\libcitro3d.a(base.o) (C3Di_RenderQueueEnableVBlank)
C:/devkitPro/libctru/lib\libcitro3d.a(tex3ds.o)
                              C:/devkitPro/libctru/lib\libcitro2d.a(spritesheet.o) (Tex3DS_TextureImport)
C:/devkitPro/libctru/lib\libcitro3d.a(texenv.o)
                              C:/devkitPro/libctru/lib\libcitro2d.a(base.o) (C3D_GetTexEnv)
C:/devkitPro/libctru/lib\libcitro3d.a(texture.o)
                              main.o (C3D_TexInitWithParams)
C:/devkitPro/libctru/lib\libcitro3d.a(uniforms.o)
                              C:/devkitPro/libctru/lib\libcitro3d.a(base.o) (C3D_UpdateUniforms)
C:/devkitPro/libctru/lib\libcitro3d.a(mtx_multiply.o)
                              C:/devkitPro/libctru/lib\libcitro2d.a(base.o) (Mtx_Multiply)
C:/devkitPro/libctru/lib\libcitro3d.a(mtx_ortho.o)
                              C:/devkitPro/libctru/lib\libcitro2d.a(base.o) (Mtx_Ortho)
C:/devkitPro/libctru/lib\libcitro3d.a(mtx_orthotilt.o)
                              C:/devkitPro/libctru/lib\libcitro2d.a(base.o) (Mtx_OrthoTilt)
C:/devkitPro/libctru/lib\libcitro3d.a(mtx_rotatez.o)
                              C:/devkitPro/libctru/lib\libcitro2d.a(base.o) (Mtx_RotateZ)
C:/devkitPro/libctru/lib\libcitro3d.a(mtx_scale.o)
                              C:/devkitPro/libctru/lib\libcitro2d.a(base.o) (Mtx_Scale)
C:/devkitPro/libctru/lib\libcitro3d.a(mtx_translate.o)
                              C:/devkitPro/libctru/lib\libcitro2d.a(base.o) (Mtx_Translate)
C:/devkitPro/libctru/lib\libctru.a(linear.o)
                              main.o (linearAlloc)
C:/devkitPro/libctru/lib\libctru.a(mem_pool.o)
                              C:/devkitPro/libctru/lib\libctru.a(linear.o) (MemPool::Allocate(MemChunk&, unsigned long, int))
C:/devkitPro/libctru/lib\libctru.a(vram.o)
                              C:/devkitPro/libctru/lib\libcitro3d.a(renderqueue.o) (vramAlloc)
C:/devkitPro/libctru/lib\libctru.a(font.o)
                              C:/devkitPro/libctru/lib\libcitro2d.a(text.o) (fontEnsureMapped)
C:/devkitPro/libctru/lib\libctru.a(gfx.o)
                              C:/devkitPro/libctru/lib\libcitro2d.a(base.o) (gfxIsWide)
C:/devkitPro/libctru/lib\libctru.a(os.o)
                              C:/devkitPro/libctru/lib\libcitro3d.a(buffers.o) (osConvertVirtToPhys)
C:/devkitPro/libctru/lib\libctru.a(romfs_dev.o)
                              main.o (romfsMountSelf)
C:/devkitPro/libctru/lib\libctru.a(gpu.o)
                              C:/devkitPro/libctru/lib\libcitro3d.a(base.o) (gpuCmdBufOffset)
C:/devkitPro/libctru/lib\libctru.a(gx.o)
                              C:/devkitPro/libctru/lib\libcitro3d.a(renderqueue.o) (GX_BindQueue)
C:/devkitPro/libctru/lib\libctru.a(gxqueue.o)
                              C:/devkitPro/libctru/lib\libcitro3d.a(renderqueue.o) (gxCmdQueueClear)
C:/devkitPro/libctru/lib\libctru.a(shaderProgram.o)
                              C:/devkitPro/libctru/lib\libcitro2d.a(base.o) (shaderInstanceGetUniformLocation)
C:/devkitPro/libctru/lib\libctru.a(shbin.o)
[...]
Memory Configuration

Name             Origin             Length             Attributes
*default*        0x00000000         0xffffffff

Linker script and memory map

                0x00000000                        __sync_synchronize = __sync_synchronize_dmb
                0x00100000                        PROVIDE (__start__ = 0x100000)
                0x00100000                        . = __start__

.text           0x00100000    0x24ef8
 *(.crt0)
 .crt0          0x00100000       0x94 C:/devkitPro/devkitARM/bin/../lib/gcc/arm-none-eabi/14.2.0/../../../../arm-none-eabi/lib/armv6k/fpu/3dsx_crt0.o
                0x00100000                _start
                0x00100008                __service_ptr
                0x0010000c                __apt_appid
                0x00100010                __heap_size
                0x00100014                __linear_heap_size
                0x00100018                __system_arglist
                0x0010001c                __system_runflags
 *(.init)
 .init          0x00100094        0xc C:/devkitPro/devkitARM/bin/../lib/gcc/arm-none-eabi/14.2.0/armv6k/fpu/crti.o
                0x00100094                _init
 .init          0x001000a0        0xc C:/devkitPro/devkitARM/bin/../lib/gcc/arm-none-eabi/14.2.0/armv6k/fpu/crtn.o
                0x001000ac                        . = ALIGN (0x4)
 *(.text)
 .text          0x001000ac      0x20c C:/devkitPro/devkitARM/bin/../lib/gcc/arm-none-eabi/14.2.0/armv6k/fpu\libgcc.a(_udivsi3.o)
                0x001000ac                __aeabi_uidiv
                0x001000ac                __udivsi3
                0x00100298                __aeabi_uidivmod
 .text          0x001002b8      0x240 C:/devkitPro/devkitARM/bin/../lib/gcc/arm-none-eabi/14.2.0/armv6k/fpu\libgcc.a(_divsi3.o)
                0x001002b8                __divsi3
                0x001002b8                __aeabi_idiv
                0x001004d8                __aeabi_idivmod
 .text          0x001004f8        0x4 C:/devkitPro/devkitARM/bin/../lib/gcc/arm-none-eabi/14.2.0/armv6k/fpu\libgcc.a(_dvmd_tls.o)
                0x001004f8                __aeabi_idiv0
                0x001004f8                __aeabi_ldiv0
 .text          0x001004fc      0x3c0 C:/devkitPro/devkitARM/bin/../lib/gcc/arm-none-eabi/14.2.0/armv6k/fpu\libgcc.a(_arm_addsubdf3.o)
                0x001004fc                __aeabi_drsub
                0x00100504                __aeabi_dsub
                0x00100504                __subdf3
                0x00100508                __aeabi_dadd
                0x00100508                __adddf3
                0x001007b4                __floatunsidf
                0x001007b4                __aeabi_ui2d
                0x001007d8                __floatsidf
                0x001007d8                __aeabi_i2d
                0x00100800                __aeabi_f2d
                0x00100800                __extendsfdf2
                0x00100848                __floatundidf
                0x00100848                __aeabi_ul2d
                0x0010085c                __floatdidf
                0x0010085c                __aeabi_l2d
 .text          0x001008bc      0x250 C:/devkitPro/devkitARM/bin/../lib/gcc/arm-none-eabi/14.2.0/armv6k/fpu\libgcc.a(_arm_addsubsf3.o)
                0x001008bc                __aeabi_frsub
                0x001008c4                __subsf3
                0x001008c4                __aeabi_fsub
                0x001008c8                __aeabi_fadd
                0x001008c8                __addsf3
                0x00100a58                __aeabi_ui2f
                0x00100a58                __floatunsisf
                0x00100a60                __aeabi_i2f
                0x00100a60                __floatsisf
                0x00100a80                __aeabi_ul2f
                0x00100a80                __floatundisf
                0x00100a90                __aeabi_l2f
                0x00100a90                __floatdisf
 .text          0x00100b0c       0xd4 C:/devkitPro/devkitARM/bin/../lib/gcc/arm-none-eabi/14.2.0/armv6k/fpu\libgcc.a(_aeabi_ldivmod.o)
                0x00100b0c                __aeabi_ldivmod
 .text          0x00100be0       0x3c C:/devkitPro/devkitARM/bin/../lib/gcc/arm-none-eabi/14.2.0/armv6k/fpu\libgcc.a(_aeabi_uldivmod.o)
                0x00100be0                __aeabi_uldivmod
 *fill*         0x00100c1c        0x4 
 .text          0x00100c20      0x390 C:/devkitPro/devkitARM/bin/../lib/gcc/arm-none-eabi/14.2.0/../../../../arm-none-eabi/lib/armv6k/fpu\libg.a(libc_a-strcmp.o)
                0x00100c28                strcmp
 *(.text.*)
 .text.__do_global_dtors_aux
                0x00100fb0       0x40 C:/devkitPro/devkitARM/bin/../lib/gcc/arm-none-eabi/14.2.0/armv6k/fpu/crtbegin.o
 .text.frame_dummy
                0x00100ff0       0x2c C:/devkitPro/devkitARM/bin/../lib/gcc/arm-none-eabi/14.2.0/armv6k/fpu/crtbegin.o
 .text.C2D_DrawImageAt.constprop.0.isra.0
                0x0010101c       0x68 main.o
 .text.next_pow2
                0x00101084       0x20 main.o
                0x00101084                next_pow2
 .text.AllocImageFromData.constprop.0
                0x001010a4      0x1f4 main.o
 .text.AllocDataFromImage
                0x00101298      0x37c main.o
                0x00101298                AllocDataFromImage
 .text.UpdateImage
                0x00101614       0xd0 main.o
                0x00101614                UpdateImage
 .text.AllocPixelsFromImages
                0x001016e4      0x33c main.o
                0x001016e4                AllocPixelsFromImages
 .text.DrawOnCanvas
                0x00101a20      0x1f4 main.o
                0x00101a20                DrawOnCanvas
 .text.DrawTypedGlyphs
                0x00101c14      0x1cc main.o
                0x00101c14                DrawTypedGlyphs
 .text.buttonCode
                0x00101de0      0x49c main.o
                0x00101de0                buttonCode
 *fill*         0x0010227c        0x4 
 .text.startup.main
                0x00102280     0x1264 main.o
                0x00102280                main
 .text.C2Di_FrameEndHook
                0x001034e4       0x44 C:/devkitPro/libctru/lib\libcitro2d.a(base.o)
 .text.C2D_Init
                0x00103528      0x36c C:/devkitPro/libctru/lib\libcitro2d.a(base.o)
                0x00103528                C2D_Init
 .text.C2D_Fini
                0x00103894       0x4c C:/devkitPro/libctru/lib\libcitro2d.a(base.o)
                0x00103894                C2D_Fini
 .text.C2D_Prepare
                0x001038e0       0xb8 C:/devkitPro/libctru/lib\libcitro2d.a(base.o)
                0x001038e0                C2D_Prepare
 .text.C2D_Flush
                0x00103998       0x48 C:/devkitPro/libctru/lib\libcitro2d.a(base.o)
                0x00103998                C2D_Flush
 .text.C2D_SceneSize
                0x001039e0      0x104 C:/devkitPro/libctru/lib\libcitro2d.a(base.o)
                0x001039e0                C2D_SceneSize
 .text.C2D_CreateScreenTarget
                0x00103ae4       0x58 C:/devkitPro/libctru/lib\libcitro2d.a(base.o)
                0x00103ae4                C2D_CreateScreenTarget
 .text.C2D_TargetClear
                0x00103b3c       0x64 C:/devkitPro/libctru/lib\libcitro2d.a(base.o)
                0x00103b3c                C2D_TargetClear
 .text.C2Di_CalcQuad
                0x00103ba0      0x13c C:/devkitPro/libctru/lib\libcitro2d.a(base.o)
                0x00103ba0                C2Di_CalcQuad
 .text.C2Di_AppendQuad
                0x00103cdc       0x58 C:/devkitPro/libctru/lib\libcitro2d.a(base.o)
                0x00103cdc                C2Di_AppendQuad
 .text.C2Di_AppendVtx
                0x00103d34       0x40 C:/devkitPro/libctru/lib\libcitro2d.a(base.o)
                0x00103d34                C2Di_AppendVtx
 .text.C2Di_Update
                0x00103d74      0x550 C:/devkitPro/libctru/lib\libcitro2d.a(base.o)
                0x00103d74                C2Di_Update
 .text.C2D_DrawImage
                0x001042c4      0x2b0 C:/devkitPro/libctru/lib\libcitro2d.a(base.o)
                0x001042c4                C2D_DrawImage
 .text.C2D_DrawTriangle
                0x00104574      0x15c C:/devkitPro/libctru/lib\libcitro2d.a(base.o)
                0x00104574                C2D_DrawTriangle
 .text.C2D_DrawRectangle
                0x001046d0      0x158 C:/devkitPro/libctru/lib\libcitro2d.a(base.o)
                0x001046d0                C2D_DrawRectangle
 .text.C2Di_GlyphComp
                0x00104828       0x18 C:/devkitPro/libctru/lib\libcitro2d.a(text.o)
 .text.C2Di_CalcLineWidths
                0x00104840      0x140 C:/devkitPro/libctru/lib\libcitro2d.a(text.o)
 .text.C2D_TextBufNew
                0x00104980      0x1dc C:/devkitPro/libctru/lib\libcitro2d.a(text.o)
                0x00104980                C2D_TextBufNew
 .text.C2D_TextBufClear
                0x00104b5c        0xc C:/devkitPro/libctru/lib\libcitro2d.a(text.o)
                0x00104b5c                C2D_TextBufClear
 .text.C2D_TextFontParseLine
                0x00104b68      0x1c8 C:/devkitPro/libctru/lib\libcitro2d.a(text.o)
                0x00104b68                C2D_TextFontParseLine
 .text.C2D_TextFontParse
                0x00104d30       0xa8 C:/devkitPro/libctru/lib\libcitro2d.a(text.o)
                0x00104d30                C2D_TextFontParse
 .text.C2D_TextOptimize
                0x00104dd8       0x30 C:/devkitPro/libctru/lib\libcitro2d.a(text.o)
                0x00104dd8                C2D_TextOptimize
 .text.C2D_DrawText
                0x00104e08      0xf6c C:/devkitPro/libctru/lib\libcitro2d.a(text.o)
                0x00104e08                C2D_DrawText
 .text.C2D_SpriteSheetLoadFromHandle
                0x00105d74       0x6c C:/devkitPro/libctru/lib\libcitro2d.a(spritesheet.o)
                0x00105d74                C2D_SpriteSheetLoadFromHandle
 .text.C2D_SpriteSheetLoad
                0x00105de0       0x48 C:/devkitPro/libctru/lib\libcitro2d.a(spritesheet.o)
                0x00105de0                C2D_SpriteSheetLoad
 .text.C2D_SpriteSheetFree
                0x00105e28       0x28 C:/devkitPro/libctru/lib\libcitro2d.a(spritesheet.o)
                0x00105e28                C2D_SpriteSheetFree
 .text.C2D_SpriteSheetGetImage
                0x00105e50       0x2c C:/devkitPro/libctru/lib\libcitro2d.a(spritesheet.o)
                0x00105e50                C2D_SpriteSheetGetImage
 .text.C2D_FontFree
                0x00105e7c       0x28 C:/devkitPro/libctru/lib\libcitro2d.a(font.o)
                0x00105e7c                C2D_FontFree
 .text.C2Di_PostLoadFont
                0x00105ea4       0xe8 C:/devkitPro/libctru/lib\libcitro2d.a(font.o)
 .text.C2D_FontLoadFromHandle
                0x00105f8c       0xb4 C:/devkitPro/libctru/lib\libcitro2d.a(font.o)
                0x00105f8c                C2D_FontLoadFromHandle
 .text.C2D_FontLoad
                0x00106040       0x34 C:/devkitPro/libctru/lib\libcitro2d.a(font.o)
                0x00106040                C2D_FontLoad
 .text.C2D_FontGlyphIndexFromCodePoint
                0x00106074       0x44 C:/devkitPro/libctru/lib\libcitro2d.a(font.o)
                0x00106074                C2D_FontGlyphIndexFromCodePoint
 .text.C2D_FontCalcGlyphPos
                0x001060b8       0x78 C:/devkitPro/libctru/lib\libcitro2d.a(font.o)
                0x001060b8                C2D_FontCalcGlyphPos
 .text.AttrInfo_Init
                0x00106130       0x28 C:/devkitPro/libctru/lib\libcitro3d.a(attribs.o)
                0x00106130                AttrInfo_Init
 .text.AttrInfo_AddLoader
                0x00106158       0x94 C:/devkitPro/libctru/lib\libcitro3d.a(attribs.o)
                0x00106158                AttrInfo_AddLoader
 .text.C3D_SetAttrInfo
                0x001061ec       0x54 C:/devkitPro/libctru/lib\libcitro3d.a(attribs.o)
                0x001061ec                C3D_SetAttrInfo
 .text.C3Di_AttrInfoBind
                0x00106240       0x80 C:/devkitPro/libctru/lib\libcitro3d.a(attribs.o)
                0x00106240                C3Di_AttrInfoBind
 .text.C3Di_LightEnvUpdate
                0x001062c0        0x4 C:/devkitPro/libctru/lib\libcitro3d.a(base.o)
                0x001062c0                C3Di_LightEnvUpdate
 .text.C3Di_LightEnvDirty
                0x001062c4        0x4 C:/devkitPro/libctru/lib\libcitro3d.a(base.o)
                0x001062c4                C3Di_LightEnvDirty
 .text.C3Di_AptEventHook
                0x001062c8       0xb4 C:/devkitPro/libctru/lib\libcitro3d.a(base.o)
 .text.C3Di_GasUpdate
                0x0010637c        0x4 C:/devkitPro/libctru/lib\libcitro3d.a(base.o)
                0x0010637c                C3Di_GasUpdate
 .text.C3D_Init
                0x00106380      0x1d0 C:/devkitPro/libctru/lib\libcitro3d.a(base.o)
                0x00106380                C3D_Init
 .text.C3D_SetViewport
                0x00106550       0x98 C:/devkitPro/libctru/lib\libcitro3d.a(base.o)
                0x00106550                C3D_SetViewport
 .text.C3Di_UpdateContext
                0x001065e8      0x4e8 C:/devkitPro/libctru/lib\libcitro3d.a(base.o)
                0x001065e8                C3Di_UpdateContext
 .text.C3Di_SplitFrame
                0x00106ad0       0xe0 C:/devkitPro/libctru/lib\libcitro3d.a(base.o)
                0x00106ad0                C3Di_SplitFrame
 .text.C3D_Fini
                0x00106bb0       0x44 C:/devkitPro/libctru/lib\libcitro3d.a(base.o)
                0x00106bb0                C3D_Fini
 .text.C3D_BindProgram
                0x00106bf4      0x194 C:/devkitPro/libctru/lib\libcitro3d.a(base.o)
                0x00106bf4                C3D_BindProgram
 .text.BufInfo_Init
                0x00106d88       0x24 C:/devkitPro/libctru/lib\libcitro3d.a(buffers.o)
                0x00106d88                BufInfo_Init
 .text.BufInfo_Add
                0x00106dac       0x80 C:/devkitPro/libctru/lib\libcitro3d.a(buffers.o)
                0x00106dac                BufInfo_Add
 .text.C3D_SetBufInfo
                0x00106e2c       0x3c C:/devkitPro/libctru/lib\libcitro3d.a(buffers.o)
                0x00106e2c                C3D_SetBufInfo
 .text.C3Di_BufInfoBind
                0x00106e68       0x48 C:/devkitPro/libctru/lib\libcitro3d.a(buffers.o)
                0x00106e68                C3Di_BufInfoBind
 .text.C3D_DrawElements
                0x00106eb0      0x21c C:/devkitPro/libctru/lib\libcitro3d.a(drawElements.o)
                0x00106eb0                C3D_DrawElements
 .text.C3D_DepthMap
                0x001070cc       0x40 C:/devkitPro/libctru/lib\libcitro3d.a(effect.o)
                0x001070cc                C3D_DepthMap
 .text.C3D_CullFace
                0x0010710c       0x1c C:/devkitPro/libctru/lib\libcitro3d.a(effect.o)
                0x0010710c                C3D_CullFace
 .text.C3D_StencilTest
                0x00107128       0x40 C:/devkitPro/libctru/lib\libcitro3d.a(effect.o)
                0x00107128                C3D_StencilTest
 .text.C3D_StencilOp
                0x00107168       0x24 C:/devkitPro/libctru/lib\libcitro3d.a(effect.o)
                0x00107168                C3D_StencilOp
 .text.C3D_BlendingColor
                0x0010718c       0x1c C:/devkitPro/libctru/lib\libcitro3d.a(effect.o)
                0x0010718c                C3D_BlendingColor
 .text.C3D_EarlyDepthTest
                0x001071a8       0x24 C:/devkitPro/libctru/lib\libcitro3d.a(effect.o)
                0x001071a8                C3D_EarlyDepthTest
 .text.C3D_DepthTest
                0x001071cc       0x2c C:/devkitPro/libctru/lib\libcitro3d.a(effect.o)
                0x001071cc                C3D_DepthTest
 .text.C3D_AlphaTest
                0x001071f8       0x2c C:/devkitPro/libctru/lib\libcitro3d.a(effect.o)
                0x001071f8                C3D_AlphaTest
 .text.C3D_AlphaBlend
                0x00107224       0x50 C:/devkitPro/libctru/lib\libcitro3d.a(effect.o)
                0x00107224                C3D_AlphaBlend
 .text.C3D_FragOpMode
                0x00107274       0x30 C:/devkitPro/libctru/lib\libcitro3d.a(effect.o)
                0x00107274                C3D_FragOpMode
 .text.C3D_FragOpShadow
                0x001072a4       0x44 C:/devkitPro/libctru/lib\libcitro3d.a(effect.o)
                0x001072a4                C3D_FragOpShadow
 .text.C3Di_EffectBind
                0x001072e8      0x1ac C:/devkitPro/libctru/lib\libcitro3d.a(effect.o)
                0x001072e8                C3Di_EffectBind
 .text.C3D_CalcColorBufSize
                0x00107494       0x1c C:/devkitPro/libctru/lib\libcitro3d.a(framebuffer.o)
                0x00107494                C3D_CalcColorBufSize
 .text.C3D_CalcDepthBufSize
                0x001074b0       0x1c C:/devkitPro/libctru/lib\libcitro3d.a(framebuffer.o)
                0x001074b0                C3D_CalcDepthBufSize
 .text.C3D_SetFrameBuf
                0x001074cc       0x44 C:/devkitPro/libctru/lib\libcitro3d.a(framebuffer.o)
                0x001074cc                C3D_SetFrameBuf
 .text.C3Di_FrameBufBind
                0x00107510      0x16c C:/devkitPro/libctru/lib\libcitro3d.a(framebuffer.o)
                0x00107510                C3Di_FrameBufBind
 .text.C3D_FrameBufClear
                0x0010767c       0xc8 C:/devkitPro/libctru/lib\libcitro3d.a(framebuffer.o)
                0x0010767c                C3D_FrameBufClear
 .text.C3D_FrameBufTransfer
                0x00107744       0x44 C:/devkitPro/libctru/lib\libcitro3d.a(framebuffer.o)
                0x00107744                C3D_FrameBufTransfer
 .text.C3D_ImmSendAttrib
                0x00107788       0xa8 C:/devkitPro/libctru/lib\libcitro3d.a(immediate.o)
                0x00107788                C3D_ImmSendAttrib
 .text.C3D_ProcTexInit
                0x00107830       0x70 C:/devkitPro/libctru/lib\libcitro3d.a(proctex.o)
                0x00107830                C3D_ProcTexInit
 .text.C3D_ProcTexBind
                0x001078a0       0x54 C:/devkitPro/libctru/lib\libcitro3d.a(proctex.o)
                0x001078a0                C3D_ProcTexBind
 .text.C3D_ProcTexLutBind
                0x001078f4       0x5c C:/devkitPro/libctru/lib\libcitro3d.a(proctex.o)
                0x001078f4                C3D_ProcTexLutBind
 .text.ProcTexLut_FromArray
                0x00107950       0xa4 C:/devkitPro/libctru/lib\libcitro3d.a(proctex.o)
                0x00107950                ProcTexLut_FromArray
 .text.C3Di_ProcTexUpdate
                0x001079f4      0x178 C:/devkitPro/libctru/lib\libcitro3d.a(proctex.o)
                0x001079f4                C3Di_ProcTexUpdate
 .text.C3Di_ProcTexDirty
                0x00107b6c       0x68 C:/devkitPro/libctru/lib\libcitro3d.a(proctex.o)
                0x00107b6c                C3Di_ProcTexDirty
 .text.onVBlank0
                0x00107bd4       0x4c C:/devkitPro/libctru/lib\libcitro3d.a(renderqueue.o)
 .text.onVBlank1
                0x00107c20       0x4c C:/devkitPro/libctru/lib\libcitro3d.a(renderqueue.o)
 .text.C3Di_RenderTargetDestroy
                0x00107c6c       0x80 C:/devkitPro/libctru/lib\libcitro3d.a(renderqueue.o)
 .text.onQueueFinish
                0x00107cec       0xf4 C:/devkitPro/libctru/lib\libcitro3d.a(renderqueue.o)
 .text.C3Di_RenderQueueEnableVBlank
                0x00107de0       0x38 C:/devkitPro/libctru/lib\libcitro3d.a(renderqueue.o)
                0x00107de0                C3Di_RenderQueueEnableVBlank
 .text.C3Di_RenderQueueDisableVBlank
                0x00107e18       0x30 C:/devkitPro/libctru/lib\libcitro3d.a(renderqueue.o)
                0x00107e18                C3Di_RenderQueueDisableVBlank
 .text.C3Di_RenderQueueInit
                0x00107e48       0x60 C:/devkitPro/libctru/lib\libcitro3d.a(renderqueue.o)
                0x00107e48                C3Di_RenderQueueInit
 .text.C3Di_RenderQueueExit
                0x00107ea8       0xb4 C:/devkitPro/libctru/lib\libcitro3d.a(renderqueue.o)
                0x00107ea8                C3Di_RenderQueueExit
 .text.C3Di_RenderQueueWaitDone
                0x00107f5c       0x34 C:/devkitPro/libctru/lib\libcitro3d.a(renderqueue.o)
                0x00107f5c                C3Di_RenderQueueWaitDone
 .text.C3D_FrameBegin
                0x00107f90       0xe8 C:/devkitPro/libctru/lib\libcitro3d.a(renderqueue.o)
                0x00107f90                C3D_FrameBegin
 .text.C3D_FrameDrawOn
                0x00108078       0x48 C:/devkitPro/libctru/lib\libcitro3d.a(renderqueue.o)
                0x00108078                C3D_FrameDrawOn
 .text.C3D_FrameSplit
                0x001080c0       0x58 C:/devkitPro/libctru/lib\libcitro3d.a(renderqueue.o)
                0x001080c0                C3D_FrameSplit
 .text.C3D_FrameEnd
                0x00108118      0x1d0 C:/devkitPro/libctru/lib\libcitro3d.a(renderqueue.o)
                0x00108118                C3D_FrameEnd
 .text.C3D_FrameEndHook
                0x001082e8       0x1c C:/devkitPro/libctru/lib\libcitro3d.a(renderqueue.o)
                0x001082e8                C3D_FrameEndHook
 .text.C3D_RenderTargetCreate
                0x00108304      0x170 C:/devkitPro/libctru/lib\libcitro3d.a(renderqueue.o)
                0x00108304                C3D_RenderTargetCreate
 .text.C3D_RenderTargetSetOutput
                0x00108474       0xa8 C:/devkitPro/libctru/lib\libcitro3d.a(renderqueue.o)
                0x00108474                C3D_RenderTargetSetOutput
 .text.C3D_SyncTextureCopy
                0x0010851c       0xfc C:/devkitPro/libctru/lib\libcitro3d.a(renderqueue.o)
                0x0010851c                C3D_SyncTextureCopy
 .text.Tex3DSi_ImportCommon
                0x00108618      0x3d8 C:/devkitPro/libctru/lib\libcitro3d.a(tex3ds.o)
 .text.Tex3DS_TextureImportStdio
                0x001089f0       0x38 C:/devkitPro/libctru/lib\libcitro3d.a(tex3ds.o)
                0x001089f0                Tex3DS_TextureImportStdio
 .text.Tex3DS_GetSubTexture
                0x00108a28       0x1c C:/devkitPro/libctru/lib\libcitro3d.a(tex3ds.o)
                0x00108a28                Tex3DS_GetSubTexture
 .text.Tex3DS_TextureFree
                0x00108a44        0x4 C:/devkitPro/libctru/lib\libcitro3d.a(tex3ds.o)
                0x00108a44                Tex3DS_TextureFree
 .text.C3D_GetTexEnv
                0x00108a48       0x34 C:/devkitPro/libctru/lib\libcitro3d.a(texenv.o)
                0x00108a48                C3D_GetTexEnv
 .text.C3Di_TexEnvBind
                0x00108a7c       0x24 C:/devkitPro/libctru/lib\libcitro3d.a(texenv.o)
                0x00108a7c                C3Di_TexEnvBind
 .text.C3D_TexInitWithParams
                0x00108aa0      0x290 C:/devkitPro/libctru/lib\libcitro3d.a(texture.o)
                0x00108aa0                C3D_TexInitWithParams
 .text.C3D_TexLoadImage
                0x00108d30       0xc8 C:/devkitPro/libctru/lib\libcitro3d.a(texture.o)
                0x00108d30                C3D_TexLoadImage
 .text.C3D_TexBind
                0x00108df8       0x44 C:/devkitPro/libctru/lib\libcitro3d.a(texture.o)
                0x00108df8                C3D_TexBind
 .text.C3D_TexDelete
                0x00108e3c       0x74 C:/devkitPro/libctru/lib\libcitro3d.a(texture.o)
                0x00108e3c                C3D_TexDelete
 .text.C3Di_SetTex
                0x00108eb0      0x14c C:/devkitPro/libctru/lib\libcitro3d.a(texture.o)
                0x00108eb0                C3Di_SetTex
 .text.C3D_UpdateUniforms
                0x00108ffc      0x290 C:/devkitPro/libctru/lib\libcitro3d.a(uniforms.o)
                0x00108ffc                C3D_UpdateUniforms
 .text.C3Di_DirtyUniforms
                0x0010928c       0xc0 C:/devkitPro/libctru/lib\libcitro3d.a(uniforms.o)
                0x0010928c                C3Di_DirtyUniforms
 .text.C3Di_LoadShaderUniforms
                0x0010934c       0xd8 C:/devkitPro/libctru/lib\libcitro3d.a(uniforms.o)
                0x0010934c                C3Di_LoadShaderUniforms
 .text.C3Di_ClearShaderUniforms
                0x00109424       0x28 C:/devkitPro/libctru/lib\libcitro3d.a(uniforms.o)
                0x00109424                C3Di_ClearShaderUniforms
 .text.Mtx_Ortho
                0x0010944c       0xcc C:/devkitPro/libctru/lib\libcitro3d.a(mtx_ortho.o)
                0x0010944c                Mtx_Ortho
 .text.Mtx_OrthoTilt
                0x00109518       0xcc C:/devkitPro/libctru/lib\libcitro3d.a(mtx_orthotilt.o)
                0x00109518                Mtx_OrthoTilt
 .text._ZL21addrMapNodeComparatorPK11rbtree_nodeS1_
                0x001095e4       0x24 C:/devkitPro/libctru/lib\libctru.a(linear.o)
 .text._ZL21addrMapNodeDestructorP11rbtree_node
                0x00109608        0x4 C:/devkitPro/libctru/lib\libctru.a(linear.o)
 .text.linearMemAlign
                0x0010960c      0x120 C:/devkitPro/libctru/lib\libctru.a(linear.o)
                0x0010960c                linearMemAlign
 .text.linearAlloc
                0x0010972c        0x8 C:/devkitPro/libctru/lib\libctru.a(linear.o)
                0x0010972c                linearAlloc
 .text.linearFree
                0x00109734       0x5c C:/devkitPro/libctru/lib\libctru.a(linear.o)
                0x00109734                linearFree
 .text._ZN7MemPool13CoalesceRightEP8MemBlock
                0x00109790       0x84 C:/devkitPro/libctru/lib\libctru.a(mem_pool.o)
                0x00109790                MemPool::CoalesceRight(MemBlock*)
 .text._ZN7MemPool8AllocateER8MemChunkmi
                0x00109814      0x150 C:/devkitPro/libctru/lib\libctru.a(mem_pool.o)
                0x00109814                MemPool::Allocate(MemChunk&, unsigned long, int)
 .text._ZN7MemPool10DeallocateERK8MemChunk
                0x00109964       0xfc C:/devkitPro/libctru/lib\libctru.a(mem_pool.o)
                0x00109964                MemPool::Deallocate(MemChunk const&)
 .text._ZN7MemPool12GetFreeSpaceEv
                0x00109a60       0x30 C:/devkitPro/libctru/lib\libctru.a(mem_pool.o)
                0x00109a60                MemPool::GetFreeSpace()
 .text._ZL21addrMapNodeComparatorPK11rbtree_nodeS1_
                0x00109a90       0x24 C:/devkitPro/libctru/lib\libctru.a(vram.o)
 .text._ZL21addrMapNodeDestructorP11rbtree_node
                0x00109ab4        0x4 C:/devkitPro/libctru/lib\libctru.a(vram.o)
 .text.vramMemAlignAt
                0x00109ab8      0x244 C:/devkitPro/libctru/lib\libctru.a(vram.o)
                0x00109ab8                vramMemAlignAt
 .text.vramAlloc
                0x00109cfc        0xc C:/devkitPro/libctru/lib\libctru.a(vram.o)
                0x00109cfc                vramAlloc
 .text.vramAllocAt
                0x00109d08        0xc C:/devkitPro/libctru/lib\libctru.a(vram.o)
                0x00109d08                vramAllocAt
 .text.vramFree
                0x00109d14       0x90 C:/devkitPro/libctru/lib\libctru.a(vram.o)
                0x00109d14                vramFree
 .text.fontEnsureMapped
                0x00109da4       0x94 C:/devkitPro/libctru/lib\libctru.a(font.o)
                0x00109da4                fontEnsureMapped
 .text.fontFixPointers
                0x00109e38       0x7c C:/devkitPro/libctru/lib\libctru.a(font.o)
                0x00109e38                fontFixPointers
 .text.fontGlyphIndexFromCodePoint
                0x00109eb4      0x100 C:/devkitPro/libctru/lib\libctru.a(font.o)
                0x00109eb4                fontGlyphIndexFromCodePoint
 .text.fontCalcGlyphPos
                0x00109fb4      0x1ec C:/devkitPro/libctru/lib\libctru.a(font.o)
                0x00109fb4                fontCalcGlyphPos
 .text.gfxPresentFramebuffer
                0x0010a1a0       0xd0 C:/devkitPro/libctru/lib\libctru.a(gfx.o)
 .text.gfxIsWide
                0x0010a270       0x1c C:/devkitPro/libctru/lib\libctru.a(gfx.o)
                0x0010a270                gfxIsWide
 .text.gfxSetScreenFormat
                0x0010a28c       0xec C:/devkitPro/libctru/lib\libctru.a(gfx.o)
                0x0010a28c                gfxSetScreenFormat
 .text.gfxInit  0x0010a378       0xd8 C:/devkitPro/libctru/lib\libctru.a(gfx.o)
                0x0010a378                gfxInit
 .text.gfxInitDefault
                0x0010a450       0x10 C:/devkitPro/libctru/lib\libctru.a(gfx.o)
                0x0010a450                gfxInitDefault
 .text.gfxExit  0x0010a460       0xb4 C:/devkitPro/libctru/lib\libctru.a(gfx.o)
                0x0010a460                gfxExit
 .text.gfxGetFramebuffer
                0x0010a514       0xa0 C:/devkitPro/libctru/lib\libctru.a(gfx.o)
                0x0010a514                gfxGetFramebuffer
 .text.gfxScreenSwapBuffers
                0x0010a5b4       0x30 C:/devkitPro/libctru/lib\libctru.a(gfx.o)
                0x0010a5b4                gfxScreenSwapBuffers
 .text.osConvertVirtToPhys
                0x0010a5e4       0x74 C:/devkitPro/libctru/lib\libctru.a(os.o)
                0x0010a5e4                osConvertVirtToPhys
 .text.osGetTimeRef
                0x0010a658       0x54 C:/devkitPro/libctru/lib\libctru.a(os.o)
                0x0010a658                osGetTimeRef
 .text.osGetTime
                0x0010a6ac       0xec C:/devkitPro/libctru/lib\libctru.a(os.o)
                0x0010a6ac                osGetTime
 .text.__ctru_speedup_config
                0x0010a798       0x34 C:/devkitPro/libctru/lib\libctru.a(os.o)
                0x0010a798                __ctru_speedup_config
 .text.romfs_close
                0x0010a7cc        0x8 C:/devkitPro/libctru/lib\libctru.a(romfs_dev.o)
 .text.romfs_seek
                0x0010a7d4       0xc4 C:/devkitPro/libctru/lib\libctru.a(romfs_dev.o)
 .text.romfs_dirreset
                0x0010a898       0x24 C:/devkitPro/libctru/lib\libctru.a(romfs_dev.o)
 .text.fill_dir
                0x0010a8bc       0xc8 C:/devkitPro/libctru/lib\libctru.a(romfs_dev.o)
 .text.romfs_dirnext
                0x0010a984      0x2a8 C:/devkitPro/libctru/lib\libctru.a(romfs_dev.o)
 .text.romfs_free
                0x0010ac2c       0x74 C:/devkitPro/libctru/lib\libctru.a(romfs_dev.o)
 .text.searchForFile.constprop.0
                0x0010aca0       0xd4 C:/devkitPro/libctru/lib\libctru.a(romfs_dev.o)
 .text.searchForDir.constprop.0
                0x0010ad74       0xd8 C:/devkitPro/libctru/lib\libctru.a(romfs_dev.o)
 .text.navigateToDir.constprop.0
                0x0010ae4c      0x1c0 C:/devkitPro/libctru/lib\libctru.a(romfs_dev.o)
 .text.romfs_open
                0x0010b00c      0x10c C:/devkitPro/libctru/lib\libctru.a(romfs_dev.o)
 .text.romfs_chdir
                0x0010b118       0x4c C:/devkitPro/libctru/lib\libctru.a(romfs_dev.o)
 .text.romfs_diropen
                0x0010b164       0x70 C:/devkitPro/libctru/lib\libctru.a(romfs_dev.o)
 .text.romfs_stat
                0x0010b1d4      0x174 C:/devkitPro/libctru/lib\libctru.a(romfs_dev.o)
 .text.romfs_dirclose
                0x0010b348        0x8 C:/devkitPro/libctru/lib\libctru.a(romfs_dev.o)
 .text.romfs_fstat
                0x0010b350       0x84 C:/devkitPro/libctru/lib\libctru.a(romfs_dev.o)
 .text.romfs_read
                0x0010b3d4       0xd0 C:/devkitPro/libctru/lib\libctru.a(romfs_dev.o)
 .text.romfsMountFromFile
                0x0010b4a4      0x28c C:/devkitPro/libctru/lib\libctru.a(romfs_dev.o)
                0x0010b4a4                romfsMountFromFile
 .text.romfsMountFromCurrentProcess
                0x0010b730       0x98 C:/devkitPro/libctru/lib\libctru.a(romfs_dev.o)
                0x0010b730                romfsMountFromCurrentProcess
 .text.romfsMountSelf
                0x0010b7c8      0x260 C:/devkitPro/libctru/lib\libctru.a(romfs_dev.o)
                0x0010b7c8                romfsMountSelf
 .text.GPUCMD_Add
                0x0010ba28      0x13c C:/devkitPro/libctru/lib\libctru.a(gpu.o)
                0x0010ba28                GPUCMD_Add
 .text.GPUCMD_Split
                0x0010bb64       0xb0 C:/devkitPro/libctru/lib\libctru.a(gpu.o)
                0x0010bb64                GPUCMD_Split
 .text.f32tof16
                0x0010bc14       0x34 C:/devkitPro/libctru/lib\libctru.a(gpu.o)
                0x0010bc14                f32tof16
 .text.f32tof24
                0x0010bc48       0x34 C:/devkitPro/libctru/lib\libctru.a(gpu.o)
                0x0010bc48                f32tof24
 .text.f32tof31
                0x0010bc7c       0x38 C:/devkitPro/libctru/lib\libctru.a(gpu.o)
                0x0010bc7c                f32tof31
 .text.GX_BindQueue
                0x0010bcb4       0x10 C:/devkitPro/libctru/lib\libctru.a(gx.o)
                0x0010bcb4                GX_BindQueue
 .text.GX_ProcessCommandList
                0x0010bcc4       0x78 C:/devkitPro/libctru/lib\libctru.a(gx.o)
                0x0010bcc4                GX_ProcessCommandList
 .text.GX_MemoryFill
                0x0010bd3c       0x74 C:/devkitPro/libctru/lib\libctru.a(gx.o)
                0x0010bd3c                GX_MemoryFill
 .text.GX_DisplayTransfer
                0x0010bdb0       0x70 C:/devkitPro/libctru/lib\libctru.a(gx.o)
                0x0010bdb0                GX_DisplayTransfer
 .text.GX_TextureCopy
                0x0010be20       0x74 C:/devkitPro/libctru/lib\libctru.a(gx.o)
                0x0010be20                GX_TextureCopy
 .text.gxCmdQueueDoCommands.part.0
                0x0010be94       0x68 C:/devkitPro/libctru/lib\libctru.a(gxqueue.o)
 .text.gxCmdQueueInterrupt
                0x0010befc       0xc8 C:/devkitPro/libctru/lib\libctru.a(gxqueue.o)
                0x0010befc                gxCmdQueueInterrupt
 .text.gxCmdQueueClear
                0x0010bfc4       0x4c C:/devkitPro/libctru/lib\libctru.a(gxqueue.o)
                0x0010bfc4                gxCmdQueueClear
 .text.gxCmdQueueAdd
                0x0010c010       0xf8 C:/devkitPro/libctru/lib\libctru.a(gxqueue.o)
                0x0010c010                gxCmdQueueAdd
 .text.gxCmdQueueRun
                0x0010c108       0x80 C:/devkitPro/libctru/lib\libctru.a(gxqueue.o)
                0x0010c108                gxCmdQueueRun
 .text.gxCmdQueueStop
                0x0010c188       0x60 C:/devkitPro/libctru/lib\libctru.a(gxqueue.o)
                0x0010c188                gxCmdQueueStop
 .text.gxCmdQueueWait
                0x0010c1e8       0x8c C:/devkitPro/libctru/lib\libctru.a(gxqueue.o)
                0x0010c1e8                gxCmdQueueWait
 .text.shaderInstanceInit
                0x0010c274      0x1d0 C:/devkitPro/libctru/lib\libctru.a(shaderProgram.o)
                0x0010c274                shaderInstanceInit
 .text.shaderInstanceGetUniformLocation
                0x0010c444       0x18 C:/devkitPro/libctru/lib\libctru.a(shaderProgram.o)
                0x0010c444                shaderInstanceGetUniformLocation
 .text.shaderProgramInit
                0x0010c45c       0x1c C:/devkitPro/libctru/lib\libctru.a(shaderProgram.o)
                0x0010c45c                shaderProgramInit
 .text.shaderProgramFree
                0x0010c478       0x64 C:/devkitPro/libctru/lib\libctru.a(shaderProgram.o)
                0x0010c478                shaderProgramFree
 .text.shaderProgramSetVsh
                0x0010c4dc       0x80 C:/devkitPro/libctru/lib\libctru.a(shaderProgram.o)
                0x0010c4dc                shaderProgramSetVsh
 .text.shaderProgramConfigure
                0x0010c55c      0x8d0 C:/devkitPro/libctru/lib\libctru.a(shaderProgram.o)
                0x0010c55c                shaderProgramConfigure
 .text.DVLE_GenerateOutmap.part.0
                0x0010ce2c      0x1dc C:/devkitPro/libctru/lib\libctru.a(shbin.o)
 .text.DVLB_ParseFile
                0x0010d008      0x1b0 C:/devkitPro/libctru/lib\libctru.a(shbin.o)
                0x0010d008                DVLB_ParseFile
 .text.DVLB_Free
                0x0010d1b8       0x38 C:/devkitPro/libctru/lib\libctru.a(shbin.o)
                0x0010d1b8                DVLB_Free
 .text.DVLE_GetUniformRegister
                0x0010d1f0       0x74 C:/devkitPro/libctru/lib\libctru.a(shbin.o)
                0x0010d1f0                DVLE_GetUniformRegister
 .text.aptConvertScreenForCapture
                0x0010d264      0x1b0 C:/devkitPro/libctru/lib\libctru.a(apt.o)
 .text.aptDspSleep
                0x0010d414        0x8 C:/devkitPro/libctru/lib\libctru.a(apt.o)
                0x0010d414                aptDspSleep
 .text.aptDspWakeup
                0x0010d41c        0x4 C:/devkitPro/libctru/lib\libctru.a(apt.o)
                0x0010d41c                aptDspWakeup
 .text.aptDspCancel
                0x0010d420        0x4 C:/devkitPro/libctru/lib\libctru.a(apt.o)
                0x0010d420                aptDspCancel
 .text.aptSendCommand
                0x0010d424      0x158 C:/devkitPro/libctru/lib\libctru.a(apt.o)
                0x0010d424                aptSendCommand
 *fill*         0x0010d57c        0x4 
 .text.aptExitProcess
                0x0010d580       0x44 C:/devkitPro/libctru/lib\libctru.a(apt.o)
 .text.aptExit  0x0010d5c4      0x380 C:/devkitPro/libctru/lib\libctru.a(apt.o)
                0x0010d5c4                aptExit
 .text.aptHandleSleep
                0x0010d944       0xd8 C:/devkitPro/libctru/lib\libctru.a(apt.o)
                0x0010d944                aptHandleSleep
 .text.aptHook  0x0010da1c       0x30 C:/devkitPro/libctru/lib\libctru.a(apt.o)
                0x0010da1c                aptHook
 .text.aptUnhook
                0x0010da4c       0x30 C:/devkitPro/libctru/lib\libctru.a(apt.o)
                0x0010da4c                aptUnhook
 .text.APT_SleepIfShellClosed
                0x0010da7c       0x84 C:/devkitPro/libctru/lib\libctru.a(apt.o)
                0x0010da7c                APT_SleepIfShellClosed
 .text.aptSetSleepAllowed
                0x0010db00       0x78 C:/devkitPro/libctru/lib\libctru.a(apt.o)
                0x0010db00                aptSetSleepAllowed
 .text.APT_UnlockTransition
                0x0010db78       0x84 C:/devkitPro/libctru/lib\libctru.a(apt.o)
                0x0010db78                APT_UnlockTransition
 *fill*         0x0010dbfc        0x4 
 .text.aptEventHandler
                0x0010dc00      0x478 C:/devkitPro/libctru/lib\libctru.a(apt.o)
 .text.APT_ReceiveParameter
                0x0010e078       0xb0 C:/devkitPro/libctru/lib\libctru.a(apt.o)
                0x0010e078                APT_ReceiveParameter
 .text.aptReceiveParameter.constprop.0
                0x0010e128       0xac C:/devkitPro/libctru/lib\libctru.a(apt.o)
 *fill*         0x0010e1d4        0x4 
 .text.aptScreenTransfer
                0x0010e1d8      0x294 C:/devkitPro/libctru/lib\libctru.a(apt.o)
 .text.aptWaitForWakeUp.isra.0
                0x0010e46c      0x2c8 C:/devkitPro/libctru/lib\libctru.a(apt.o)
 .text.aptJumpToHomeMenu
                0x0010e734       0xf4 C:/devkitPro/libctru/lib\libctru.a(apt.o)
                0x0010e734                aptJumpToHomeMenu
 .text.aptMainLoop
                0x0010e828       0x48 C:/devkitPro/libctru/lib\libctru.a(apt.o)
                0x0010e828                aptMainLoop
 .text.aptInit  0x0010e870      0x22c C:/devkitPro/libctru/lib\libctru.a(apt.o)
                0x0010e870                aptInit
 .text.APT_CheckNew3DS
                0x0010ea9c       0x7c C:/devkitPro/libctru/lib\libctru.a(apt.o)
                0x0010ea9c                APT_CheckNew3DS
 .text.APT_GetSharedFont
                0x0010eb18       0x48 C:/devkitPro/libctru/lib\libctru.a(apt.o)
                0x0010eb18                APT_GetSharedFont
 .text.cfguInit
                0x0010eb60       0xa4 C:/devkitPro/libctru/lib\libctru.a(cfgu.o)
                0x0010eb60                cfguInit
 .text.fsInit   0x0010ec04       0xd0 C:/devkitPro/libctru/lib\libctru.a(fs.o)
                0x0010ec04                fsInit
 .text.fsExit   0x0010ecd4       0x3c C:/devkitPro/libctru/lib\libctru.a(fs.o)
                0x0010ecd4                fsExit
 .text.fsExemptFromSession
                0x0010ed10       0x60 C:/devkitPro/libctru/lib\libctru.a(fs.o)
                0x0010ed10                fsExemptFromSession
 .text.fsUnexemptFromSession
                0x0010ed70       0x50 C:/devkitPro/libctru/lib\libctru.a(fs.o)
                0x0010ed70                fsUnexemptFromSession
 .text.FSUSER_OpenFile
                0x0010edc0       0xcc C:/devkitPro/libctru/lib\libctru.a(fs.o)
                0x0010edc0                FSUSER_OpenFile
 .text.FSUSER_OpenFileDirectly
                0x0010ee8c       0xd4 C:/devkitPro/libctru/lib\libctru.a(fs.o)
                0x0010ee8c                FSUSER_OpenFileDirectly
 .text.FSUSER_DeleteFile
                0x0010ef60       0xbc C:/devkitPro/libctru/lib\libctru.a(fs.o)
                0x0010ef60                FSUSER_DeleteFile
 .text.FSUSER_RenameFile
                0x0010f01c       0xf8 C:/devkitPro/libctru/lib\libctru.a(fs.o)
                0x0010f01c                FSUSER_RenameFile
 .text.FSUSER_DeleteDirectory
                0x0010f114       0xbc C:/devkitPro/libctru/lib\libctru.a(fs.o)
                0x0010f114                FSUSER_DeleteDirectory
 .text.FSUSER_CreateFile
                0x0010f1d0       0xd4 C:/devkitPro/libctru/lib\libctru.a(fs.o)
                0x0010f1d0                FSUSER_CreateFile
 .text.FSUSER_CreateDirectory
                0x0010f2a4       0xc4 C:/devkitPro/libctru/lib\libctru.a(fs.o)
                0x0010f2a4                FSUSER_CreateDirectory
 .text.FSUSER_RenameDirectory
                0x0010f368       0xf8 C:/devkitPro/libctru/lib\libctru.a(fs.o)
                0x0010f368                FSUSER_RenameDirectory
 .text.FSUSER_OpenDirectory
                0x0010f460       0xb4 C:/devkitPro/libctru/lib\libctru.a(fs.o)
                0x0010f460                FSUSER_OpenDirectory
 .text.FSUSER_OpenArchive
                0x0010f514       0x94 C:/devkitPro/libctru/lib\libctru.a(fs.o)
                0x0010f514                FSUSER_OpenArchive
 .text.FSUSER_CloseArchive
                0x0010f5a8       0x8c C:/devkitPro/libctru/lib\libctru.a(fs.o)
                0x0010f5a8                FSUSER_CloseArchive
 .text.FSUSER_GetSdmcArchiveResource
                0x0010f634       0x74 C:/devkitPro/libctru/lib\libctru.a(fs.o)
                0x0010f634                FSUSER_GetSdmcArchiveResource
 .text.FSUSER_IsSdmcWritable
                0x0010f6a8       0x64 C:/devkitPro/libctru/lib\libctru.a(fs.o)
                0x0010f6a8                FSUSER_IsSdmcWritable
 .text.FSFILE_Read
                0x0010f70c       0x58 C:/devkitPro/libctru/lib\libctru.a(fs.o)
                0x0010f70c                FSFILE_Read
 .text.FSFILE_Write
                0x0010f764       0x60 C:/devkitPro/libctru/lib\libctru.a(fs.o)
                0x0010f764                FSFILE_Write
 .text.FSFILE_GetSize
                0x0010f7c4       0x38 C:/devkitPro/libctru/lib\libctru.a(fs.o)
                0x0010f7c4                FSFILE_GetSize
 .text.FSFILE_SetSize
                0x0010f7fc       0x28 C:/devkitPro/libctru/lib\libctru.a(fs.o)
                0x0010f7fc                FSFILE_SetSize
 .text.FSFILE_Close
                0x0010f824       0x3c C:/devkitPro/libctru/lib\libctru.a(fs.o)
                0x0010f824                FSFILE_Close
 .text.FSFILE_Flush
                0x0010f860       0x24 C:/devkitPro/libctru/lib\libctru.a(fs.o)
                0x0010f860                FSFILE_Flush
 .text.FSDIR_Read
                0x0010f884       0x50 C:/devkitPro/libctru/lib\libctru.a(fs.o)
                0x0010f884                FSDIR_Read
 .text.FSDIR_Close
                0x0010f8d4       0x3c C:/devkitPro/libctru/lib\libctru.a(fs.o)
                0x0010f8d4                FSDIR_Close
 .text.gspHardwareInit
                0x0010f910      0xc70 C:/devkitPro/libctru/lib\libctru.a(gspgpu.o)
 .text.gspInit  0x00110580      0x248 C:/devkitPro/libctru/lib\libctru.a(gspgpu.o)
                0x00110580                gspInit
 .text.gspExit  0x001107c8       0xe4 C:/devkitPro/libctru/lib\libctru.a(gspgpu.o)
                0x001107c8                gspExit
 .text.gspHasGpuRight
                0x001108ac       0x10 C:/devkitPro/libctru/lib\libctru.a(gspgpu.o)
                0x001108ac                gspHasGpuRight
 .text.gspPresentBuffer
                0x001108bc       0xa0 C:/devkitPro/libctru/lib\libctru.a(gspgpu.o)
                0x001108bc                gspPresentBuffer
 .text.gspSetEventCallback
                0x0011095c       0x30 C:/devkitPro/libctru/lib\libctru.a(gspgpu.o)
                0x0011095c                gspSetEventCallback
 .text.gspWaitForEvent
                0x0011098c       0x44 C:/devkitPro/libctru/lib\libctru.a(gspgpu.o)
                0x0011098c                gspWaitForEvent
 .text.gspWaitForAnyEvent
                0x001109d0       0x4c C:/devkitPro/libctru/lib\libctru.a(gspgpu.o)
                0x001109d0                gspWaitForAnyEvent
 .text.gspEventThreadMain
                0x00110a1c      0x160 C:/devkitPro/libctru/lib\libctru.a(gspgpu.o)
 .text.gspSubmitGxCommand
                0x00110b7c      0x130 C:/devkitPro/libctru/lib\libctru.a(gspgpu.o)
                0x00110b7c                gspSubmitGxCommand
 .text.GSPGPU_FlushDataCache
                0x00110cac       0x50 C:/devkitPro/libctru/lib\libctru.a(gspgpu.o)
                0x00110cac                GSPGPU_FlushDataCache
 .text.GSPGPU_SetLcdForceBlack
                0x00110cfc       0x34 C:/devkitPro/libctru/lib\libctru.a(gspgpu.o)
                0x00110cfc                GSPGPU_SetLcdForceBlack
 .text.GSPGPU_AcquireRight
                0x00110d30       0x68 C:/devkitPro/libctru/lib\libctru.a(gspgpu.o)
                0x00110d30                GSPGPU_AcquireRight
 .text.GSPGPU_ReleaseRight
                0x00110d98       0x48 C:/devkitPro/libctru/lib\libctru.a(gspgpu.o)
                0x00110d98                GSPGPU_ReleaseRight
 .text.GSPGPU_ImportDisplayCaptureInfo
                0x00110de0       0x7c C:/devkitPro/libctru/lib\libctru.a(gspgpu.o)
                0x00110de0                GSPGPU_ImportDisplayCaptureInfo
 .text.GSPGPU_SaveVramSysArea
                0x00110e5c       0x2c C:/devkitPro/libctru/lib\libctru.a(gspgpu.o)
                0x00110e5c                GSPGPU_SaveVramSysArea
 .text.GSPGPU_RestoreVramSysArea
                0x00110e88       0x2c C:/devkitPro/libctru/lib\libctru.a(gspgpu.o)
                0x00110e88                GSPGPU_RestoreVramSysArea
 .text.hidShouldUseIrrst
                0x00110eb4       0x24 C:/devkitPro/libctru/lib\libctru.a(hid.o)
                0x00110eb4                hidShouldUseIrrst
 .text.hidInit  0x00110ed8      0x18c C:/devkitPro/libctru/lib\libctru.a(hid.o)
                0x00110ed8                hidInit
 .text.hidExit  0x00111064       0xe8 C:/devkitPro/libctru/lib\libctru.a(hid.o)
                0x00111064                hidExit
 .text.hidScanInput
                0x0011114c      0x2a4 C:/devkitPro/libctru/lib\libctru.a(hid.o)
                0x0011114c                hidScanInput
 .text.hidKeysHeld
                0x001113f0       0x10 C:/devkitPro/libctru/lib\libctru.a(hid.o)
                0x001113f0                hidKeysHeld
 .text.hidKeysDown
                0x00111400       0x10 C:/devkitPro/libctru/lib\libctru.a(hid.o)
                0x00111400                hidKeysDown
 .text.hidTouchRead
                0x00111410       0x18 C:/devkitPro/libctru/lib\libctru.a(hid.o)
                0x00111410                hidTouchRead
 .text.irrstInit
                0x00111428      0x160 C:/devkitPro/libctru/lib\libctru.a(irrst.o)
                0x00111428                irrstInit
 .text.irrstExit
                0x00111588       0xcc C:/devkitPro/libctru/lib\libctru.a(irrst.o)
                0x00111588                irrstExit
 .text.irrstScanInput
                0x00111654       0xb4 C:/devkitPro/libctru/lib\libctru.a(irrst.o)
                0x00111654                irrstScanInput
 .text.irrstKeysHeld
                0x00111708       0x24 C:/devkitPro/libctru/lib\libctru.a(irrst.o)
                0x00111708                irrstKeysHeld
 .text.ptmSysmInit
                0x0011172c       0x74 C:/devkitPro/libctru/lib\libctru.a(ptmsysm.o)
                0x0011172c                ptmSysmInit
 .text.ptmSysmExit
                0x001117a0       0x3c C:/devkitPro/libctru/lib\libctru.a(ptmsysm.o)
                0x001117a0                ptmSysmExit
 .text.PTMSYSM_ConfigureNew3DSCPU
                0x001117dc       0x34 C:/devkitPro/libctru/lib\libctru.a(ptmsysm.o)
                0x001117dc                PTMSYSM_ConfigureNew3DSCPU
 .text.buffer_read
                0x00111810       0xe0 C:/devkitPro/libctru/lib\libctru.a(decompress.o)
 .text.iov_read
                0x001118f0       0xcc C:/devkitPro/libctru/lib\libctru.a(decompress.o)
 .text.iov_memmove
                0x001119bc      0x148 C:/devkitPro/libctru/lib\libctru.a(decompress.o)
 .text.decompress_rle
                0x00111b04      0x1dc C:/devkitPro/libctru/lib\libctru.a(decompress.o)
 .text.decompress_lzss
                0x00111ce0      0x26c C:/devkitPro/libctru/lib\libctru.a(decompress.o)
 .text.decompress_lz11
                0x00111f4c      0x42c C:/devkitPro/libctru/lib\libctru.a(decompress.o)
 .text.decompress_huff
                0x00112378      0x36c C:/devkitPro/libctru/lib\libctru.a(decompress.o)
 .text.decompressCallback_Stdio
                0x001126e4       0x10 C:/devkitPro/libctru/lib\libctru.a(decompress.o)
                0x001126e4                decompressCallback_Stdio
 .text.decompressHeader
                0x001126f4       0xe4 C:/devkitPro/libctru/lib\libctru.a(decompress.o)
                0x001126f4                decompressHeader
 .text.decompressV
                0x001127d8      0x200 C:/devkitPro/libctru/lib\libctru.a(decompress.o)
                0x001127d8                decompressV
 .text.rbtree_find
                0x001129d8       0x74 C:/devkitPro/libctru/lib\libctru.a(rbtree_find.o)
                0x001129d8                rbtree_find
 .text.rbtree_init
                0x00112a4c       0x10 C:/devkitPro/libctru/lib\libctru.a(rbtree_init.o)
                0x00112a4c                rbtree_init
 .text.do_insert
                0x00112a5c      0x19c C:/devkitPro/libctru/lib\libctru.a(rbtree_insert.o)
 .text.rbtree_insert
                0x00112bf8        0x8 C:/devkitPro/libctru/lib\libctru.a(rbtree_insert.o)
                0x00112bf8                rbtree_insert
 .text.rbtree_remove
                0x00112c00      0x310 C:/devkitPro/libctru/lib\libctru.a(rbtree_remove.o)
                0x00112c00                rbtree_remove
 .text.rbtree_rotate
                0x00112f10       0x90 C:/devkitPro/libctru/lib\libctru.a(rbtree_rotate.o)
                0x00112f10                rbtree_rotate
 .text.decode_utf8
                0x00112fa0      0x13c C:/devkitPro/libctru/lib\libctru.a(decode_utf8.o)
                0x00112fa0                decode_utf8
 .text.utf16_to_utf8
                0x001130dc       0xe8 C:/devkitPro/libctru/lib\libctru.a(utf16_to_utf8.o)
                0x001130dc                utf16_to_utf8
 .text.utf8_to_utf16
                0x001131c4       0xc0 C:/devkitPro/libctru/lib\libctru.a(utf8_to_utf16.o)
                0x001131c4                utf8_to_utf16
 *fill*         0x00113284        0x4 
 .text.__system_allocateHeaps
                0x00113288      0x1e0 C:/devkitPro/libctru/lib\libctru.a(allocateHeaps.o)
                0x00113288                __system_allocateHeaps
 .text.__libctru_init
                0x00113468       0x38 C:/devkitPro/libctru/lib\libctru.a(ctru_init.o)
                0x00113468                __libctru_init
 .text.__system_initArgv
                0x001134a0      0x160 C:/devkitPro/libctru/lib\libctru.a(initArgv.o)
                0x001134a0                __system_initArgv
 .text.__syscall_getreent
                0x00113600       0x30 C:/devkitPro/libctru/lib\libctru.a(syscalls.o)
                0x00113600                __syscall_getreent
 .text.__syscall_gettod_r
                0x00113630       0x64 C:/devkitPro/libctru/lib\libctru.a(syscalls.o)
                0x00113630                __syscall_gettod_r
 .text.__syscall_lock_acquire
                0x00113694        0x4 C:/devkitPro/libctru/lib\libctru.a(syscalls.o)
                0x00113694                __syscall_lock_acquire
 .text.__syscall_lock_release
                0x00113698        0x4 C:/devkitPro/libctru/lib\libctru.a(syscalls.o)
                0x00113698                __syscall_lock_release
 .text.__syscall_lock_acquire_recursive
                0x0011369c        0x4 C:/devkitPro/libctru/lib\libctru.a(syscalls.o)
                0x0011369c                __syscall_lock_acquire_recursive
 .text.__syscall_lock_release_recursive
                0x001136a0        0x4 C:/devkitPro/libctru/lib\libctru.a(syscalls.o)
                0x001136a0                __syscall_lock_release_recursive
 .text.__syscall_exit
                0x001136a4        0x4 C:/devkitPro/libctru/lib\libctru.a(syscalls.o)
                0x001136a4                __syscall_exit
 .text.initThreadVars
                0x001136a8       0x50 C:/devkitPro/libctru/lib\libctru.a(syscalls.o)
                0x001136a8                initThreadVars
 .text.__system_initSyscalls
                0x001136f8       0x80 C:/devkitPro/libctru/lib\libctru.a(syscalls.o)
                0x001136f8                __system_initSyscalls
 .text.svcControlMemory
                0x00113778       0x20 C:/devkitPro/libctru/lib\libctru.a(svc.o)
                0x00113778                svcControlMemory
 .text.svcQueryMemory
                0x00113798       0x30 C:/devkitPro/libctru/lib\libctru.a(svc.o)
                0x00113798                svcQueryMemory
 .text.svcExitProcess
                0x001137c8        0x8 C:/devkitPro/libctru/lib\libctru.a(svc.o)
                0x001137c8                svcExitProcess
 .text.svcCreateThread
                0x001137d0       0x20 C:/devkitPro/libctru/lib\libctru.a(svc.o)
                0x001137d0                svcCreateThread
 .text.svcExitThread
                0x001137f0        0x8 C:/devkitPro/libctru/lib\libctru.a(svc.o)
                0x001137f0                svcExitThread
 .text.svcSleepThread
                0x001137f8        0x8 C:/devkitPro/libctru/lib\libctru.a(svc.o)
                0x001137f8                svcSleepThread
 .text.svcReleaseMutex
                0x00113800        0x8 C:/devkitPro/libctru/lib\libctru.a(svc.o)
                0x00113800                svcReleaseMutex
 .text.svcCreateEvent
                0x00113808       0x14 C:/devkitPro/libctru/lib\libctru.a(svc.o)
                0x00113808                svcCreateEvent
 .text.svcSignalEvent
                0x0011381c        0x8 C:/devkitPro/libctru/lib\libctru.a(svc.o)
                0x0011381c                svcSignalEvent
 .text.svcClearEvent
                0x00113824        0x8 C:/devkitPro/libctru/lib\libctru.a(svc.o)
                0x00113824                svcClearEvent
 .text.svcMapMemoryBlock
                0x0011382c        0x8 C:/devkitPro/libctru/lib\libctru.a(svc.o)
                0x0011382c                svcMapMemoryBlock
 .text.svcUnmapMemoryBlock
                0x00113834        0x8 C:/devkitPro/libctru/lib\libctru.a(svc.o)
                0x00113834                svcUnmapMemoryBlock
 .text.svcCreateAddressArbiter
                0x0011383c       0x14 C:/devkitPro/libctru/lib\libctru.a(svc.o)
                0x0011383c                svcCreateAddressArbiter
 .text.svcArbitrateAddressNoTimeout
                0x00113850        0x8 C:/devkitPro/libctru/lib\libctru.a(svc.o)
                0x00113850                svcArbitrateAddressNoTimeout
 .text.svcCloseHandle
                0x00113858        0x8 C:/devkitPro/libctru/lib\libctru.a(svc.o)
                0x00113858                svcCloseHandle
 .text.svcWaitSynchronization
                0x00113860        0x8 C:/devkitPro/libctru/lib\libctru.a(svc.o)
                0x00113860                svcWaitSynchronization
 .text.svcWaitSynchronizationN
                0x00113868       0x28 C:/devkitPro/libctru/lib\libctru.a(svc.o)
                0x00113868                svcWaitSynchronizationN
 .text.svcDuplicateHandle
                0x00113890       0x14 C:/devkitPro/libctru/lib\libctru.a(svc.o)
                0x00113890                svcDuplicateHandle
 .text.svcGetSystemTick
                0x001138a4        0x8 C:/devkitPro/libctru/lib\libctru.a(svc.o)
                0x001138a4                svcGetSystemTick
 .text.svcConnectToPort
                0x001138ac       0x14 C:/devkitPro/libctru/lib\libctru.a(svc.o)
                0x001138ac                svcConnectToPort
 .text.svcSendSyncRequest
                0x001138c0        0x8 C:/devkitPro/libctru/lib\libctru.a(svc.o)
                0x001138c0                svcSendSyncRequest
 .text.svcGetResourceLimit
                0x001138c8       0x14 C:/devkitPro/libctru/lib\libctru.a(svc.o)
                0x001138c8                svcGetResourceLimit
 .text.svcGetResourceLimitLimitValues
                0x001138dc        0x8 C:/devkitPro/libctru/lib\libctru.a(svc.o)
                0x001138dc                svcGetResourceLimitLimitValues
 .text.svcGetResourceLimitCurrentValues
                0x001138e4        0x8 C:/devkitPro/libctru/lib\libctru.a(svc.o)
                0x001138e4                svcGetResourceLimitCurrentValues
 .text.svcBreak
                0x001138ec        0x8 C:/devkitPro/libctru/lib\libctru.a(svc.o)
                0x001138ec                svcBreak
 .text.__aeabi_read_tp
                0x001138f4        0xc C:/devkitPro/libctru/lib\libctru.a(readtp.o)
                0x001138f4                __aeabi_read_tp
 .text.initSystem
                0x00113900       0x50 C:/devkitPro/libctru/lib\libctru.a(stack_adjust.o)
                0x00113900                initSystem
 .text.__ctru_exit
                0x00113950       0x14 C:/devkitPro/libctru/lib\libctru.a(stack_adjust.o)
                0x00113950                __ctru_exit
 .text.envGetHandle
                0x00113964       0x84 C:/devkitPro/libctru/lib\libctru.a(env.o)
                0x00113964                envGetHandle
 .text.envDestroyHandles
                0x001139e8       0x50 C:/devkitPro/libctru/lib\libctru.a(env.o)
                0x001139e8                envDestroyHandles
 .text.srvInit  0x00113a38      0x12c C:/devkitPro/libctru/lib\libctru.a(srv.o)
                0x00113a38                srvInit
 .text.srvExit  0x00113b64       0x58 C:/devkitPro/libctru/lib\libctru.a(srv.o)
                0x00113b64                srvExit
 .text.srvEnableNotification
                0x00113bbc       0x60 C:/devkitPro/libctru/lib\libctru.a(srv.o)
                0x00113bbc                srvEnableNotification
 .text.srvGetServiceHandleDirect
                0x00113c1c       0xa0 C:/devkitPro/libctru/lib\libctru.a(srv.o)
                0x00113c1c                srvGetServiceHandleDirect
 .text.srvGetServiceHandle
                0x00113cbc       0x38 C:/devkitPro/libctru/lib\libctru.a(srv.o)
                0x00113cbc                srvGetServiceHandle
 .text.srvSubscribe
                0x00113cf4       0x34 C:/devkitPro/libctru/lib\libctru.a(srv.o)
                0x00113cf4                srvSubscribe
 .text.srvReceiveNotification
                0x00113d28       0x60 C:/devkitPro/libctru/lib\libctru.a(srv.o)
                0x00113d28                srvReceiveNotification
 .text.srvPublishToSubscriber
                0x00113d88       0x38 C:/devkitPro/libctru/lib\libctru.a(srv.o)
                0x00113d88                srvPublishToSubscriber
 .text.__sync_init
                0x00113dc0        0xc C:/devkitPro/libctru/lib\libctru.a(synchronization.o)
                0x00113dc0                __sync_init
 .text.__sync_fini
                0x00113dcc       0x18 C:/devkitPro/libctru/lib\libctru.a(synchronization.o)
                0x00113dcc                __sync_fini
 .text.syncArbitrateAddress
                0x00113de4       0x2c C:/devkitPro/libctru/lib\libctru.a(synchronization.o)
                0x00113de4                syncArbitrateAddress
 .text.LightLock_Lock
                0x00113e10       0xb0 C:/devkitPro/libctru/lib\libctru.a(synchronization.o)
                0x00113e10                LightLock_Lock
 .text.LightLock_Unlock
                0x00113ec0       0x40 C:/devkitPro/libctru/lib\libctru.a(synchronization.o)
                0x00113ec0                LightLock_Unlock
 .text.RecursiveLock_Lock
                0x00113f00       0x30 C:/devkitPro/libctru/lib\libctru.a(synchronization.o)
                0x00113f00                RecursiveLock_Lock
 .text.RecursiveLock_Unlock
                0x00113f30       0x54 C:/devkitPro/libctru/lib\libctru.a(synchronization.o)
                0x00113f30                RecursiveLock_Unlock
 .text.LightEvent_Init
                0x00113f84       0x40 C:/devkitPro/libctru/lib\libctru.a(synchronization.o)
                0x00113f84                LightEvent_Init
 .text.LightEvent_Clear
                0x00113fc4       0xa4 C:/devkitPro/libctru/lib\libctru.a(synchronization.o)
                0x00113fc4                LightEvent_Clear
 .text.LightEvent_Signal
                0x00114068       0xc8 C:/devkitPro/libctru/lib\libctru.a(synchronization.o)
                0x00114068                LightEvent_Signal
 .text.LightEvent_TryWait
                0x00114130       0x50 C:/devkitPro/libctru/lib\libctru.a(synchronization.o)
                0x00114130                LightEvent_TryWait
 .text.LightEvent_Wait
                0x00114180       0xa0 C:/devkitPro/libctru/lib\libctru.a(synchronization.o)
                0x00114180                LightEvent_Wait
 .text.threadCreate
                0x00114220      0x1d4 C:/devkitPro/libctru/lib\libctru.a(thread.o)
                0x00114220                threadCreate
 .text.threadFree
                0x001143f4       0x2c C:/devkitPro/libctru/lib\libctru.a(thread.o)
                0x001143f4                threadFree
 .text.threadJoin
                0x00114420       0x24 C:/devkitPro/libctru/lib\libctru.a(thread.o)
                0x00114420                threadJoin
 .text.threadGetCurrent
                0x00114444       0x30 C:/devkitPro/libctru/lib\libctru.a(thread.o)
                0x00114444                threadGetCurrent
 .text.threadExit
                0x00114474       0x40 C:/devkitPro/libctru/lib\libctru.a(thread.o)
                0x00114474                threadExit
 .text._thread_begin
                0x001144b4       0x20 C:/devkitPro/libctru/lib\libctru.a(thread.o)
 .text.mappableFindAddressWithin
                0x001144d4       0x90 C:/devkitPro/libctru/lib\libctru.a(mappable.o)
 .text.mappableInit
                0x00114564       0x28 C:/devkitPro/libctru/lib\libctru.a(mappable.o)
                0x00114564                mappableInit
 .text.mappableAlloc
                0x0011458c       0x80 C:/devkitPro/libctru/lib\libctru.a(mappable.o)
                0x0011458c                mappableAlloc
 .text.mappableFree
                0x0011460c        0x4 C:/devkitPro/libctru/lib\libctru.a(mappable.o)
                0x0011460c                mappableFree
 .text.srvPmGetSessionHandle
                0x00114610        0xc C:/devkitPro/libctru/lib\libctru.a(srvpm.o)
                0x00114610                srvPmGetSessionHandle
 .text.rbtree_node_next
                0x0011461c       0x5c C:/devkitPro/libctru/lib\libctru.a(rbtree_iterator.o)
                0x0011461c                rbtree_node_next
 .text.decode_utf16
                0x00114678       0x64 C:/devkitPro/libctru/lib\libctru.a(decode_utf16.o)
                0x00114678                decode_utf16
 .text.encode_utf16
                0x001146dc       0x54 C:/devkitPro/libctru/lib\libctru.a(encode_utf16.o)
                0x001146dc                encode_utf16
 .text.encode_utf8
                0x00114730       0xe0 C:/devkitPro/libctru/lib\libctru.a(encode_utf8.o)
                0x00114730                encode_utf8
 .text.__appExit
                0x00114810       0x30 C:/devkitPro/libctru/lib\libctru.a(appExit.o)
                0x00114810                __appExit
 .text.__appInit
                0x00114840       0x30 C:/devkitPro/libctru/lib\libctru.a(appInit.o)
                0x00114840                __appInit
 .text.__libctru_exit
                0x00114870       0x90 C:/devkitPro/libctru/lib\libctru.a(ctru_exit.o)
                0x00114870                __libctru_exit
 .text.archive_link
                0x00114900       0x14 C:/devkitPro/libctru/lib\libctru.a(archive_dev.o)
 .text.archive_dirreset
                0x00114914       0x14 C:/devkitPro/libctru/lib\libctru.a(archive_dev.o)
 .text.archive_chmod
                0x00114928       0x14 C:/devkitPro/libctru/lib\libctru.a(archive_dev.o)
 .text.error_cmp
                0x0011493c       0x24 C:/devkitPro/libctru/lib\libctru.a(archive_dev.o)
 .text.archive_translate_error
                0x00114960       0x50 C:/devkitPro/libctru/lib\libctru.a(archive_dev.o)
 .text.archive_seek
                0x001149b0       0xc4 C:/devkitPro/libctru/lib\libctru.a(archive_dev.o)
 .text._archiveInit.part.0
                0x00114a74       0x78 C:/devkitPro/libctru/lib\libctru.a(archive_dev.o)
 .text.archiveFindDevice.part.0
                0x00114aec       0xc4 C:/devkitPro/libctru/lib\libctru.a(archive_dev.o)
 .text.archive_utf16path
                0x00114bb0      0x290 C:/devkitPro/libctru/lib\libctru.a(archive_dev.o)
 .text._archiveUnmountDeviceStruct.part.0
                0x00114e40       0x9c C:/devkitPro/libctru/lib\libctru.a(archive_dev.o)
 .text.archive_statvfs
                0x00114edc       0x14 C:/devkitPro/libctru/lib\libctru.a(archive_dev.o)
 .text.archive_fchmod
                0x00114ef0       0x14 C:/devkitPro/libctru/lib\libctru.a(archive_dev.o)
 .text._archiveMountDevice
                0x00114f04      0x168 C:/devkitPro/libctru/lib\libctru.a(archive_dev.o)
 .text.archive_diropen
                0x0011506c       0xe8 C:/devkitPro/libctru/lib\libctru.a(archive_dev.o)
 .text.archive_fstat
                0x00115154       0xa4 C:/devkitPro/libctru/lib\libctru.a(archive_dev.o)
 .text.archive_fsync
                0x001151f8       0x6c C:/devkitPro/libctru/lib\libctru.a(archive_dev.o)
 .text.archive_close
                0x00115264       0x6c C:/devkitPro/libctru/lib\libctru.a(archive_dev.o)
 .text.archive_dirclose
                0x001152d0       0x70 C:/devkitPro/libctru/lib\libctru.a(archive_dev.o)
 .text.sdmc_statvfs
                0x00115340       0xe4 C:/devkitPro/libctru/lib\libctru.a(archive_dev.o)
 .text.archive_chdir
                0x00115424       0xec C:/devkitPro/libctru/lib\libctru.a(archive_dev.o)
 .text.archive_ftruncate
                0x00115510       0x7c C:/devkitPro/libctru/lib\libctru.a(archive_dev.o)
 .text.archive_read
                0x0011558c       0xac C:/devkitPro/libctru/lib\libctru.a(archive_dev.o)
 .text.archive_unlink
                0x00115638       0xa4 C:/devkitPro/libctru/lib\libctru.a(archive_dev.o)
 .text.archive_rmdir
                0x001156dc       0xbc C:/devkitPro/libctru/lib\libctru.a(archive_dev.o)
 .text.archive_mkdir
                0x00115798       0xdc C:/devkitPro/libctru/lib\libctru.a(archive_dev.o)
 .text.archive_stat
                0x00115874      0x194 C:/devkitPro/libctru/lib\libctru.a(archive_dev.o)
 .text.archive_dirnext
                0x00115a08      0x15c C:/devkitPro/libctru/lib\libctru.a(archive_dev.o)
 .text.archive_write
                0x00115b64      0x124 C:/devkitPro/libctru/lib\libctru.a(archive_dev.o)
 .text.archive_open
                0x00115c88      0x210 C:/devkitPro/libctru/lib\libctru.a(archive_dev.o)
 .text.archive_rename
                0x00115e98      0x268 C:/devkitPro/libctru/lib\libctru.a(archive_dev.o)
 .text.archiveMountSdmc
                0x00116100      0x19c C:/devkitPro/libctru/lib\libctru.a(archive_dev.o)
                0x00116100                archiveMountSdmc
 .text.archiveUnmountAll
                0x0011629c       0x54 C:/devkitPro/libctru/lib\libctru.a(archive_dev.o)
                0x0011629c                archiveUnmountAll
 .text.sinf     0x001162f0      0x25c C:/devkitPro/devkitARM/bin/../lib/gcc/arm-none-eabi/14.2.0/../../../../arm-none-eabi/lib/armv6k/fpu\libm.a(libm_a-sinf.o)
                0x001162f0                sinf
 .text.with_errnof
                0x0011654c       0x24 C:/devkitPro/devkitARM/bin/../lib/gcc/arm-none-eabi/14.2.0/../../../../arm-none-eabi/lib/armv6k/fpu\libm.a(libm_a-math_errf.o)
 .text.__math_invalidf
                0x00116570       0x1c C:/devkitPro/devkitARM/bin/../lib/gcc/arm-none-eabi/14.2.0/../../../../arm-none-eabi/lib/armv6k/fpu\libm.a(libm_a-math_errf.o)
                0x00116570                __math_invalidf
 .text.roundf   0x0011658c       0x68 C:/devkitPro/devkitARM/bin/../lib/gcc/arm-none-eabi/14.2.0/../../../../arm-none-eabi/lib/armv6k/fpu\libm.a(libm_a-sf_round.o)
                0x0011658c                roundf
 .text.ceilf    0x001165f4       0xc0 C:/devkitPro/devkitARM/bin/../lib/gcc/arm-none-eabi/14.2.0/../../../../arm-none-eabi/lib/armv6k/fpu\libm.a(libm_a-sf_ceil.o)
                0x001165f4                ceilf
 *fill*         0x001166b4        0x4 
 .text.cosf     0x001166b8      0x21c C:/devkitPro/devkitARM/bin/../lib/gcc/arm-none-eabi/14.2.0/../../../../arm-none-eabi/lib/armv6k/fpu\libm.a(libm_a-cosf.o)
                0x001166b8                cosf
 .text.__udivmoddi4
                0x001168d4      0x120 C:/devkitPro/devkitARM/bin/../lib/gcc/arm-none-eabi/14.2.0/armv6k/fpu\libgcc.a(_udivmoddi4.o)
                0x001168d4                __udivmoddi4
 .text.strncmp  0x001169f4       0xd8 C:/devkitPro/devkitARM/bin/../lib/gcc/arm-none-eabi/14.2.0/../../../../arm-none-eabi/lib/armv6k/fpu\libg.a(libc_a-strncmp.o)
                0x001169f4                strncmp
 .text.strchr   0x00116acc      0x130 C:/devkitPro/devkitARM/bin/../lib/gcc/arm-none-eabi/14.2.0/../../../../arm-none-eabi/lib/armv6k/fpu\libg.a(libc_a-strchr.o)
                0x00116acc                strchr
 .text.strlen   0x00116bfc       0x5c C:/devkitPro/devkitARM/bin/../lib/gcc/arm-none-eabi/14.2.0/../../../../arm-none-eabi/lib/armv6k/fpu\libg.a(libc_a-strlen-stub.o)
                0x00116bfc                strlen
 .text.memcmp   0x00116c58       0xd4 C:/devkitPro/devkitARM/bin/../lib/gcc/arm-none-eabi/14.2.0/../../../../arm-none-eabi/lib/armv6k/fpu\libg.a(libc_a-memcmp.o)
                0x00116c58                memcmp
 .text._strtoul_l.isra.0
                0x00116d2c      0x1e4 C:/devkitPro/devkitARM/bin/../lib/gcc/arm-none-eabi/14.2.0/../../../../arm-none-eabi/lib/armv6k/fpu\libg.a(libc_a-strtoul.o)
 .text.strtoul  0x00116f10       0x34 C:/devkitPro/devkitARM/bin/../lib/gcc/arm-none-eabi/14.2.0/../../../../arm-none-eabi/lib/armv6k/fpu\libg.a(libc_a-strtoul.o)
                0x00116f10                strtoul
 .text.strncat  0x00116f44       0xe4 C:/devkitPro/devkitARM/bin/../lib/gcc/arm-none-eabi/14.2.0/../../../../arm-none-eabi/lib/armv6k/fpu\libg.a(libc_a-strncat.o)
                0x00116f44                strncat
 .text.bsearch  0x00117028       0x78 C:/devkitPro/devkitARM/bin/../lib/gcc/arm-none-eabi/14.2.0/../../../../arm-none-eabi/lib/armv6k/fpu\libg.a(libc_a-bsearch.o)
                0x00117028                bsearch
 .text._fread_r
                0x001170a0      0x344 C:/devkitPro/devkitARM/bin/../lib/gcc/arm-none-eabi/14.2.0/../../../../arm-none-eabi/lib/armv6k/fpu\libg.a(libc_a-fread.o)
                0x001170a0                _fread_r
 .text.fread    0x001173e4       0x38 C:/devkitPro/devkitARM/bin/../lib/gcc/arm-none-eabi/14.2.0/../../../../arm-none-eabi/lib/armv6k/fpu\libg.a(libc_a-fread.o)
                0x001173e4                fread
 .text.calloc   0x0011741c       0x20 C:/devkitPro/devkitARM/bin/../lib/gcc/arm-none-eabi/14.2.0/../../../../arm-none-eabi/lib/armv6k/fpu\libg.a(libc_a-calloc.o)
                0x0011741c                calloc
 .text.qsort    0x0011743c      0x96c C:/devkitPro/devkitARM/bin/../lib/gcc/arm-none-eabi/14.2.0/../../../../arm-none-eabi/lib/armv6k/fpu\libg.a(libc_a-qsort.o)
                0x0011743c                qsort
 .text.lflush   0x00117da8       0x38 C:/devkitPro/devkitARM/bin/../lib/gcc/arm-none-eabi/14.2.0/../../../../arm-none-eabi/lib/armv6k/fpu\libg.a(libc_a-refill.o)
 .text.__srefill_r
                0x00117de0      0x19c C:/devkitPro/devkitARM/bin/../lib/gcc/arm-none-eabi/14.2.0/../../../../arm-none-eabi/lib/armv6k/fpu\libg.a(libc_a-refill.o)
                0x00117de0                __srefill_r
 .text._fclose_r
                0x00117f7c      0x148 C:/devkitPro/devkitARM/bin/../lib/gcc/arm-none-eabi/14.2.0/../../../../arm-none-eabi/lib/armv6k/fpu\libg.a(libc_a-fclose.o)
                0x00117f7c                _fclose_r
 .text.fclose   0x001180c4       0x18 C:/devkitPro/devkitARM/bin/../lib/gcc/arm-none-eabi/14.2.0/../../../../arm-none-eabi/lib/armv6k/fpu\libg.a(libc_a-fclose.o)
                0x001180c4                fclose
 .text._calloc_r
                0x001180dc       0xc0 C:/devkitPro/devkitARM/bin/../lib/gcc/arm-none-eabi/14.2.0/../../../../arm-none-eabi/lib/armv6k/fpu\libg.a(libc_a-callocr.o)
                0x001180dc                _calloc_r
 .text.__smakebuf_r
                0x0011819c      0x144 C:/devkitPro/devkitARM/bin/../lib/gcc/arm-none-eabi/14.2.0/../../../../arm-none-eabi/lib/armv6k/fpu\libg.a(libc_a-makebuf.o)
                0x0011819c                __smakebuf_r
 .text.__swhatbuf_r
                0x001182e0       0x8c C:/devkitPro/devkitARM/bin/../lib/gcc/arm-none-eabi/14.2.0/../../../../arm-none-eabi/lib/armv6k/fpu\libg.a(libc_a-makebuf.o)
                0x001182e0                __swhatbuf_r
 .text.memalign
                0x0011836c       0x20 C:/devkitPro/devkitARM/bin/../lib/gcc/arm-none-eabi/14.2.0/../../../../arm-none-eabi/lib/armv6k/fpu\libg.a(libc_a-malign.o)
                0x0011836c                memalign
 .text.stdio_exit_handler
                0x0011838c       0x1c C:/devkitPro/devkitARM/bin/../lib/gcc/arm-none-eabi/14.2.0/../../../../arm-none-eabi/lib/armv6k/fpu\libg.a(libc_a-findfp.o)
 .text.cleanup_stdio
                0x001183a8       0x5c C:/devkitPro/devkitARM/bin/../lib/gcc/arm-none-eabi/14.2.0/../../../../arm-none-eabi/lib/armv6k/fpu\libg.a(libc_a-findfp.o)
 .text.global_stdio_init.part.0
                0x00118404      0x154 C:/devkitPro/devkitARM/bin/../lib/gcc/arm-none-eabi/14.2.0/../../../../arm-none-eabi/lib/armv6k/fpu\libg.a(libc_a-findfp.o)
 .text.__sfp    0x00118558      0x134 C:/devkitPro/devkitARM/bin/../lib/gcc/arm-none-eabi/14.2.0/../../../../arm-none-eabi/lib/armv6k/fpu\libg.a(libc_a-findfp.o)
                0x00118558                __sfp
 .text.__sinit  0x0011868c       0x5c C:/devkitPro/devkitARM/bin/../lib/gcc/arm-none-eabi/14.2.0/../../../../arm-none-eabi/lib/armv6k/fpu\libg.a(libc_a-findfp.o)
                0x0011868c                __sinit
 .text.__sfp_lock_acquire
                0x001186e8        0xc C:/devkitPro/devkitARM/bin/../lib/gcc/arm-none-eabi/14.2.0/../../../../arm-none-eabi/lib/armv6k/fpu\libg.a(libc_a-findfp.o)
                0x001186e8                __sfp_lock_acquire
 .text.__sfp_lock_release
                0x001186f4        0xc C:/devkitPro/devkitARM/bin/../lib/gcc/arm-none-eabi/14.2.0/../../../../arm-none-eabi/lib/armv6k/fpu\libg.a(libc_a-findfp.o)
                0x001186f4                __sfp_lock_release
 .text._malloc_r
                0x00118700      0x7e8 C:/devkitPro/devkitARM/bin/../lib/gcc/arm-none-eabi/14.2.0/../../../../arm-none-eabi/lib/armv6k/fpu\libg.a(libc_a-mallocr.o)
                0x00118700                _malloc_r
 .text._malloc_trim_r
                0x00118ee8       0xf8 C:/devkitPro/devkitARM/bin/../lib/gcc/arm-none-eabi/14.2.0/../../../../arm-none-eabi/lib/armv6k/fpu\libg.a(libc_a-freer.o)
                0x00118ee8                _malloc_trim_r
 .text._free_r  0x00118fe0      0x300 C:/devkitPro/devkitARM/bin/../lib/gcc/arm-none-eabi/14.2.0/../../../../arm-none-eabi/lib/armv6k/fpu\libg.a(libc_a-freer.o)
                0x00118fe0                _free_r
 .text.setvbuf  0x001192e0      0x294 C:/devkitPro/devkitARM/bin/../lib/gcc/arm-none-eabi/14.2.0/../../../../arm-none-eabi/lib/armv6k/fpu\libg.a(libc_a-setvbuf.o)
                0x001192e0                setvbuf
 .text.strnlen  0x00119574       0x4c C:/devkitPro/devkitARM/bin/../lib/gcc/arm-none-eabi/14.2.0/../../../../arm-none-eabi/lib/armv6k/fpu\libg.a(libc_a-strnlen.o)
                0x00119574                strnlen
 .text.__errno  0x001195c0        0xc C:/devkitPro/devkitARM/bin/../lib/gcc/arm-none-eabi/14.2.0/../../../../arm-none-eabi/lib/armv6k/fpu\libg.a(libc_a-errno.o)
                0x001195c0                __errno
 .text.malloc   0x001195cc       0x34 C:/devkitPro/devkitARM/bin/../lib/gcc/arm-none-eabi/14.2.0/../../../../arm-none-eabi/lib/armv6k/fpu\libg.a(libc_a-malloc.o)
                0x001195cc                malloc
 .text.free     0x00119600       0x18 C:/devkitPro/devkitARM/bin/../lib/gcc/arm-none-eabi/14.2.0/../../../../arm-none-eabi/lib/armv6k/fpu\libg.a(libc_a-malloc.o)
                0x00119600                free
 .text.memcpy   0x00119618      0x130 C:/devkitPro/devkitARM/bin/../lib/gcc/arm-none-eabi/14.2.0/../../../../arm-none-eabi/lib/armv6k/fpu\libg.a(libc_a-memcpy-stub.o)
                0x00119618                memcpy
 .text._fopen_r
                0x00119748      0x134 C:/devkitPro/devkitARM/bin/../lib/gcc/arm-none-eabi/14.2.0/../../../../arm-none-eabi/lib/armv6k/fpu\libg.a(libc_a-fopen.o)
                0x00119748                _fopen_r
 .text.fopen    0x0011987c       0x20 C:/devkitPro/devkitARM/bin/../lib/gcc/arm-none-eabi/14.2.0/../../../../arm-none-eabi/lib/armv6k/fpu\libg.a(libc_a-fopen.o)
                0x0011987c                fopen
 .text.time     0x0011989c       0x4c C:/devkitPro/devkitARM/bin/../lib/gcc/arm-none-eabi/14.2.0/../../../../arm-none-eabi/lib/armv6k/fpu\libg.a(libc_a-time.o)
                0x0011989c                time
 .text.memset   0x001198e8       0xe8 C:/devkitPro/devkitARM/bin/../lib/gcc/arm-none-eabi/14.2.0/../../../../arm-none-eabi/lib/armv6k/fpu\libg.a(libc_a-memset.o)
                0x001198e8                memset
 .text._realloc_r
                0x001199d0      0x4a4 C:/devkitPro/devkitARM/bin/../lib/gcc/arm-none-eabi/14.2.0/../../../../arm-none-eabi/lib/armv6k/fpu\libg.a(libc_a-reallocr.o)
                0x001199d0                _realloc_r
 .text._fwalk_sglue
                0x00119e74       0x70 C:/devkitPro/devkitARM/bin/../lib/gcc/arm-none-eabi/14.2.0/../../../../arm-none-eabi/lib/armv6k/fpu\libg.a(libc_a-fwalk.o)
                0x00119e74                _fwalk_sglue
 .text.__malloc_lock
                0x00119ee4        0xc C:/devkitPro/devkitARM/bin/../lib/gcc/arm-none-eabi/14.2.0/../../../../arm-none-eabi/lib/armv6k/fpu\libg.a(libc_a-mlock.o)
                0x00119ee4                __malloc_lock
 .text.__malloc_unlock
                0x00119ef0        0xc C:/devkitPro/devkitARM/bin/../lib/gcc/arm-none-eabi/14.2.0/../../../../arm-none-eabi/lib/armv6k/fpu\libg.a(libc_a-mlock.o)
                0x00119ef0                __malloc_unlock
 .text.__call_exitprocs
                0x00119efc        0x4 C:/devkitPro/devkitARM/bin/../lib/gcc/arm-none-eabi/14.2.0/../../../../arm-none-eabi/lib/armv6k/fpu\libg.a(libc_a-exit.o)
                0x00119efc                __call_exitprocs
 .text.exit     0x00119f00       0x30 C:/devkitPro/devkitARM/bin/../lib/gcc/arm-none-eabi/14.2.0/../../../../arm-none-eabi/lib/armv6k/fpu\libg.a(libc_a-exit.o)
                0x00119f00                exit
 .text._fseek_r
                0x00119f30       0x1c C:/devkitPro/devkitARM/bin/../lib/gcc/arm-none-eabi/14.2.0/../../../../arm-none-eabi/lib/armv6k/fpu\libg.a(libc_a-fseek.o)
                0x00119f30                _fseek_r
 .text.snprintf
                0x00119f4c       0xd4 C:/devkitPro/devkitARM/bin/../lib/gcc/arm-none-eabi/14.2.0/../../../../arm-none-eabi/lib/armv6k/fpu\libg.a(libc_a-snprintf.o)
                0x00119f4c                snprintf
 .text.strncpy  0x0011a020       0xc4 C:/devkitPro/devkitARM/bin/../lib/gcc/arm-none-eabi/14.2.0/../../../../arm-none-eabi/lib/armv6k/fpu\libg.a(libc_a-strncpy.o)
                0x0011a020                strncpy
 .text.__sflags
                0x0011a0e4       0xb4 C:/devkitPro/devkitARM/bin/../lib/gcc/arm-none-eabi/14.2.0/../../../../arm-none-eabi/lib/armv6k/fpu\libg.a(libc_a-flags.o)
                0x0011a0e4                __sflags
 .text.__libc_init_array
                0x0011a198       0x84 C:/devkitPro/devkitARM/bin/../lib/gcc/arm-none-eabi/14.2.0/../../../../arm-none-eabi/lib/armv6k/fpu\libg.a(libc_a-init.o)
                0x0011a198                __libc_init_array
 .text.__sflush_r
                0x0011a21c      0x228 C:/devkitPro/devkitARM/bin/../lib/gcc/arm-none-eabi/14.2.0/../../../../arm-none-eabi/lib/armv6k/fpu\libg.a(libc_a-fflush.o)
                0x0011a21c                __sflush_r
 .text._fflush_r
                0x0011a444       0x94 C:/devkitPro/devkitARM/bin/../lib/gcc/arm-none-eabi/14.2.0/../../../../arm-none-eabi/lib/armv6k/fpu\libg.a(libc_a-fflush.o)
                0x0011a444                _fflush_r
 .text.memmove  0x0011a4d8      0x160 C:/devkitPro/devkitARM/bin/../lib/gcc/arm-none-eabi/14.2.0/../../../../arm-none-eabi/lib/armv6k/fpu\libg.a(libc_a-memmove.o)
                0x0011a4d8                memmove
 .text._memalign_r
                0x0011a638      0x150 C:/devkitPro/devkitARM/bin/../lib/gcc/arm-none-eabi/14.2.0/../../../../arm-none-eabi/lib/armv6k/fpu\libg.a(libc_a-malignr.o)
                0x0011a638                _memalign_r
 .text.__libc_fini_array
                0x0011a788       0x3c C:/devkitPro/devkitARM/bin/../lib/gcc/arm-none-eabi/14.2.0/../../../../arm-none-eabi/lib/armv6k/fpu\libg.a(libc_a-fini.o)
                0x0011a788                __libc_fini_array
 .text._fseeko_r
                0x0011a7c4      0x58c C:/devkitPro/devkitARM/bin/../lib/gcc/arm-none-eabi/14.2.0/../../../../arm-none-eabi/lib/armv6k/fpu\libg.a(libc_a-fseeko.o)
                0x0011a7c4                _fseeko_r
 .text.__sread  0x0011ad50       0x44 C:/devkitPro/devkitARM/bin/../lib/gcc/arm-none-eabi/14.2.0/../../../../arm-none-eabi/lib/armv6k/fpu\libg.a(libc_a-stdio.o)
                0x0011ad50                __sread
 .text.__swrite
                0x0011ad94       0x68 C:/devkitPro/devkitARM/bin/../lib/gcc/arm-none-eabi/14.2.0/../../../../arm-none-eabi/lib/armv6k/fpu\libg.a(libc_a-stdio.o)
                0x0011ad94                __swrite
 .text.__sseek  0x0011adfc       0x40 C:/devkitPro/devkitARM/bin/../lib/gcc/arm-none-eabi/14.2.0/../../../../arm-none-eabi/lib/armv6k/fpu\libg.a(libc_a-stdio.o)
                0x0011adfc                __sseek
 .text.__sclose
                0x0011ae3c        0x8 C:/devkitPro/devkitARM/bin/../lib/gcc/arm-none-eabi/14.2.0/../../../../arm-none-eabi/lib/armv6k/fpu\libg.a(libc_a-stdio.o)
                0x0011ae3c                __sclose
 .text.get_arg  0x0011ae44      0x5e4 C:/devkitPro/devkitARM/bin/../lib/gcc/arm-none-eabi/14.2.0/../../../../arm-none-eabi/lib/armv6k/fpu\libg.a(libc_a-svfprintf.o)
 .text._svfprintf_r
                0x0011b428     0x335c C:/devkitPro/devkitARM/bin/../lib/gcc/arm-none-eabi/14.2.0/../../../../arm-none-eabi/lib/armv6k/fpu\libg.a(libc_a-svfprintf.o)
                0x0011b428                _svfprintf_r
 .text._wcsrtombs_r
                0x0011e784       0x28 C:/devkitPro/devkitARM/bin/../lib/gcc/arm-none-eabi/14.2.0/../../../../arm-none-eabi/lib/armv6k/fpu\libg.a(libc_a-wcsrtombs.o)
                0x0011e784                _wcsrtombs_r
 *fill*         0x0011e7ac        0x4 
 .text.frexp    0x0011e7b0       0x88 C:/devkitPro/devkitARM/bin/../lib/gcc/arm-none-eabi/14.2.0/../../../../arm-none-eabi/lib/armv6k/fpu\libg.a(libm_a-s_frexp.o)
                0x0011e7b0                frexp
 .text.__locale_mb_cur_max
                0x0011e838       0x24 C:/devkitPro/devkitARM/bin/../lib/gcc/arm-none-eabi/14.2.0/../../../../arm-none-eabi/lib/armv6k/fpu\libg.a(libc_a-locale.o)
                0x0011e838                __locale_mb_cur_max
 .text.__ssprint_r
                0x0011e85c       0xa4 C:/devkitPro/devkitARM/bin/../lib/gcc/arm-none-eabi/14.2.0/../../../../arm-none-eabi/lib/armv6k/fpu\libg.a(libc_a-ssprint_r.o)
                0x0011e85c                __ssprint_r
 .text.memchr   0x0011e900       0xe0 C:/devkitPro/devkitARM/bin/../lib/gcc/arm-none-eabi/14.2.0/../../../../arm-none-eabi/lib/armv6k/fpu\libg.a(libc_a-memchr-stub.o)
                0x0011e900                memchr
 .text._wcsnrtombs_l
                0x0011e9e0      0x160 C:/devkitPro/devkitARM/bin/../lib/gcc/arm-none-eabi/14.2.0/../../../../arm-none-eabi/lib/armv6k/fpu\libg.a(libc_a-wcsnrtombs.o)
                0x0011e9e0                _wcsnrtombs_l
 .text._wcsnrtombs_r
                0x0011eb40       0x64 C:/devkitPro/devkitARM/bin/../lib/gcc/arm-none-eabi/14.2.0/../../../../arm-none-eabi/lib/armv6k/fpu\libg.a(libc_a-wcsnrtombs.o)
                0x0011eb40                _wcsnrtombs_r
 .text.__utf8_mbtowc
                0x0011eba4      0x324 C:/devkitPro/devkitARM/bin/../lib/gcc/arm-none-eabi/14.2.0/../../../../arm-none-eabi/lib/armv6k/fpu\libg.a(libc_a-mbtowc_r.o)
                0x0011eba4                __utf8_mbtowc
 .text._localeconv_r
                0x0011eec8       0x24 C:/devkitPro/devkitARM/bin/../lib/gcc/arm-none-eabi/14.2.0/../../../../arm-none-eabi/lib/armv6k/fpu\libg.a(libc_a-localeconv.o)
                0x0011eec8                _localeconv_r
 .text.quorem   0x0011eeec      0x1b4 C:/devkitPro/devkitARM/bin/../lib/gcc/arm-none-eabi/14.2.0/../../../../arm-none-eabi/lib/armv6k/fpu\libg.a(libc_a-dtoa.o)
 .text._dtoa_r  0x0011f0a0     0x1370 C:/devkitPro/devkitARM/bin/../lib/gcc/arm-none-eabi/14.2.0/../../../../arm-none-eabi/lib/armv6k/fpu\libg.a(libc_a-dtoa.o)
                0x0011f0a0                _dtoa_r
 .text._wcrtomb_r
                0x00120410       0xa0 C:/devkitPro/devkitARM/bin/../lib/gcc/arm-none-eabi/14.2.0/../../../../arm-none-eabi/lib/armv6k/fpu\libg.a(libc_a-wcrtomb.o)
                0x00120410                _wcrtomb_r
 .text.__ssputs_r
                0x001204b0      0x128 C:/devkitPro/devkitARM/bin/../lib/gcc/arm-none-eabi/14.2.0/../../../../arm-none-eabi/lib/armv6k/fpu\libg.a(libc_a-ssputs_r.o)
                0x001204b0                __ssputs_r
 .text.__utf8_wctomb
                0x001205d8       0xf0 C:/devkitPro/devkitARM/bin/../lib/gcc/arm-none-eabi/14.2.0/../../../../arm-none-eabi/lib/armv6k/fpu\libg.a(libc_a-wctomb_r.o)
                0x001205d8                __utf8_wctomb
 .text.__assert_func
                0x001206c8       0x5c C:/devkitPro/devkitARM/bin/../lib/gcc/arm-none-eabi/14.2.0/../../../../arm-none-eabi/lib/armv6k/fpu\libg.a(libc_a-assert.o)
                0x001206c8                __assert_func
 .text._Balloc  0x00120724       0x88 C:/devkitPro/devkitARM/bin/../lib/gcc/arm-none-eabi/14.2.0/../../../../arm-none-eabi/lib/armv6k/fpu\libg.a(libc_a-mprec.o)
                0x00120724                _Balloc
 .text._Bfree   0x001207ac       0x1c C:/devkitPro/devkitARM/bin/../lib/gcc/arm-none-eabi/14.2.0/../../../../arm-none-eabi/lib/armv6k/fpu\libg.a(libc_a-mprec.o)
                0x001207ac                _Bfree
 .text.__multadd
                0x001207c8       0xf4 C:/devkitPro/devkitARM/bin/../lib/gcc/arm-none-eabi/14.2.0/../../../../arm-none-eabi/lib/armv6k/fpu\libg.a(libc_a-mprec.o)
                0x001207c8                __multadd
 .text.__hi0bits
                0x001208bc       0x80 C:/devkitPro/devkitARM/bin/../lib/gcc/arm-none-eabi/14.2.0/../../../../arm-none-eabi/lib/armv6k/fpu\libg.a(libc_a-mprec.o)
                0x001208bc                __hi0bits
 .text.__lo0bits
                0x0012093c       0xf4 C:/devkitPro/devkitARM/bin/../lib/gcc/arm-none-eabi/14.2.0/../../../../arm-none-eabi/lib/armv6k/fpu\libg.a(libc_a-mprec.o)
                0x0012093c                __lo0bits
 .text.__i2b    0x00120a30       0xa4 C:/devkitPro/devkitARM/bin/../lib/gcc/arm-none-eabi/14.2.0/../../../../arm-none-eabi/lib/armv6k/fpu\libg.a(libc_a-mprec.o)
                0x00120a30                __i2b
 .text.__multiply
                0x00120ad4      0x208 C:/devkitPro/devkitARM/bin/../lib/gcc/arm-none-eabi/14.2.0/../../../../arm-none-eabi/lib/armv6k/fpu\libg.a(libc_a-mprec.o)
                0x00120ad4                __multiply
 .text.__pow5mult
                0x00120cdc      0x130 C:/devkitPro/devkitARM/bin/../lib/gcc/arm-none-eabi/14.2.0/../../../../arm-none-eabi/lib/armv6k/fpu\libg.a(libc_a-mprec.o)
                0x00120cdc                __pow5mult
 .text.__lshift
                0x00120e0c      0x138 C:/devkitPro/devkitARM/bin/../lib/gcc/arm-none-eabi/14.2.0/../../../../arm-none-eabi/lib/armv6k/fpu\libg.a(libc_a-mprec.o)
                0x00120e0c                __lshift
 .text.__mcmp   0x00120f44       0x58 C:/devkitPro/devkitARM/bin/../lib/gcc/arm-none-eabi/14.2.0/../../../../arm-none-eabi/lib/armv6k/fpu\libg.a(libc_a-mprec.o)
                0x00120f44                __mcmp
 .text.__mdiff  0x00120f9c      0x1f0 C:/devkitPro/devkitARM/bin/../lib/gcc/arm-none-eabi/14.2.0/../../../../arm-none-eabi/lib/armv6k/fpu\libg.a(libc_a-mprec.o)
                0x00120f9c                __mdiff
 .text.__d2b    0x0012118c      0x120 C:/devkitPro/devkitARM/bin/../lib/gcc/arm-none-eabi/14.2.0/../../../../arm-none-eabi/lib/armv6k/fpu\libg.a(libc_a-mprec.o)
                0x0012118c                __d2b
 .text.fiprintf
                0x001212ac       0x3c C:/devkitPro/devkitARM/bin/../lib/gcc/arm-none-eabi/14.2.0/../../../../arm-none-eabi/lib/armv6k/fpu\libg.a(libc_a-fiprintf.o)
                0x001212ac                fiprintf
 .text.abort    0x001212e8       0x14 C:/devkitPro/devkitARM/bin/../lib/gcc/arm-none-eabi/14.2.0/../../../../arm-none-eabi/lib/armv6k/fpu\libg.a(libc_a-abort.o)
                0x001212e8                abort
 .text._raise_r
                0x001212fc       0x90 C:/devkitPro/devkitARM/bin/../lib/gcc/arm-none-eabi/14.2.0/../../../../arm-none-eabi/lib/armv6k/fpu\libg.a(libc_a-signal.o)
                0x001212fc                _raise_r
 .text.raise    0x0012138c       0x18 C:/devkitPro/devkitARM/bin/../lib/gcc/arm-none-eabi/14.2.0/../../../../arm-none-eabi/lib/armv6k/fpu\libg.a(libc_a-signal.o)
                0x0012138c                raise
 .text.get_arg  0x001213a4      0x5e4 C:/devkitPro/devkitARM/bin/../lib/gcc/arm-none-eabi/14.2.0/../../../../arm-none-eabi/lib/armv6k/fpu\libg.a(libc_a-vfiprintf.o)
 .text._vfiprintf_r
                0x00121988     0x2264 C:/devkitPro/devkitARM/bin/../lib/gcc/arm-none-eabi/14.2.0/../../../../arm-none-eabi/lib/armv6k/fpu\libg.a(libc_a-vfiprintf.o)
                0x00121988                _vfiprintf_r
 .text.__sbprintf
                0x00123bec       0xb8 C:/devkitPro/devkitARM/bin/../lib/gcc/arm-none-eabi/14.2.0/../../../../arm-none-eabi/lib/armv6k/fpu\libg.a(libc_a-vfiprintf.o)
 .text.__sprint_r
                0x00123ca4       0x30 C:/devkitPro/devkitARM/bin/../lib/gcc/arm-none-eabi/14.2.0/../../../../arm-none-eabi/lib/armv6k/fpu\libg.a(libc_a-sprint_r.o)
                0x00123ca4                __sprint_r
 .text.__swsetup_r
                0x00123cd4      0x194 C:/devkitPro/devkitARM/bin/../lib/gcc/arm-none-eabi/14.2.0/../../../../arm-none-eabi/lib/armv6k/fpu\libg.a(libc_a-wsetup.o)
                0x00123cd4                __swsetup_r
 .text.__sfvwrite_r
                0x00123e68      0x480 C:/devkitPro/devkitARM/bin/../lib/gcc/arm-none-eabi/14.2.0/../../../../arm-none-eabi/lib/armv6k/fpu\libg.a(libc_a-fvwrite.o)
                0x00123e68                __sfvwrite_r
 .text._exit    0x001242e8       0x20 C:/devkitPro/devkitARM/bin/../lib/gcc/arm-none-eabi/14.2.0/../../../../arm-none-eabi/lib/armv6k/fpu\libsysbase.a(libsysbase_libsysbase_a-_exit.o)
                0x001242e8                _exit
 .text.chdir    0x00124308      0x13c C:/devkitPro/devkitARM/bin/../lib/gcc/arm-none-eabi/14.2.0/../../../../arm-none-eabi/lib/armv6k/fpu\libsysbase.a(libsysbase_libsysbase_a-chdir.o)
                0x00124308                chdir
 .text._concatenate_path
                0x00124444      0x1cc C:/devkitPro/devkitARM/bin/../lib/gcc/arm-none-eabi/14.2.0/../../../../arm-none-eabi/lib/armv6k/fpu\libsysbase.a(libsysbase_libsysbase_a-concatenate.o)
                0x00124444                _concatenate_path
 .text._fstat_r
                0x00124610       0x88 C:/devkitPro/devkitARM/bin/../lib/gcc/arm-none-eabi/14.2.0/../../../../arm-none-eabi/lib/armv6k/fpu\libsysbase.a(libsysbase_libsysbase_a-fstat.o)
                0x00124610                _fstat_r
 .text._getpid_r
                0x00124698       0x14 C:/devkitPro/devkitARM/bin/../lib/gcc/arm-none-eabi/14.2.0/../../../../arm-none-eabi/lib/armv6k/fpu\libsysbase.a(libsysbase_libsysbase_a-getpid.o)
                0x00124698                _getpid_r
 .text.__getreent
                0x001246ac       0x2c C:/devkitPro/devkitARM/bin/../lib/gcc/arm-none-eabi/14.2.0/../../../../arm-none-eabi/lib/armv6k/fpu\libsysbase.a(libsysbase_libsysbase_a-getreent.o)
                0x001246ac                __getreent
 .text._gettimeofday_r